Archive member included to satisfy reference by file (symbol)

c:/users/egypt_laptop/appdata/roaming/xpacks/@xpack-dev-tools/arm-none-eabi-gcc/10.2.1-1.1.2/.content/bin/../lib/gcc/arm-none-eabi/10.2.1/thumb/v7e-m+fp/softfp\libgcc.a(_aeabi_uldivmod.o)
                              ./system/src/stm32f4-hal/stm32f4xx_hal_rcc.o (__aeabi_uldivmod)
c:/users/egypt_laptop/appdata/roaming/xpacks/@xpack-dev-tools/arm-none-eabi-gcc/10.2.1-1.1.2/.content/bin/../lib/gcc/arm-none-eabi/10.2.1/thumb/v7e-m+fp/softfp\libgcc.a(_udivmoddi4.o)
                              c:/users/egypt_laptop/appdata/roaming/xpacks/@xpack-dev-tools/arm-none-eabi-gcc/10.2.1-1.1.2/.content/bin/../lib/gcc/arm-none-eabi/10.2.1/thumb/v7e-m+fp/softfp\libgcc.a(_aeabi_uldivmod.o) (__udivmoddi4)
c:/users/egypt_laptop/appdata/roaming/xpacks/@xpack-dev-tools/arm-none-eabi-gcc/10.2.1-1.1.2/.content/bin/../lib/gcc/arm-none-eabi/10.2.1/thumb/v7e-m+fp/softfp\libgcc.a(_dvmd_tls.o)
                              c:/users/egypt_laptop/appdata/roaming/xpacks/@xpack-dev-tools/arm-none-eabi-gcc/10.2.1-1.1.2/.content/bin/../lib/gcc/arm-none-eabi/10.2.1/thumb/v7e-m+fp/softfp\libgcc.a(_aeabi_uldivmod.o) (__aeabi_ldiv0)
c:/users/egypt_laptop/appdata/roaming/xpacks/@xpack-dev-tools/arm-none-eabi-gcc/10.2.1-1.1.2/.content/bin/../lib/gcc/arm-none-eabi/10.2.1/../../../../arm-none-eabi/lib/thumb/v7e-m+fp/softfp\libg_nano.a(lib_a-ctype_.o)
                              ./system/src/newlib/syscalls.o (_ctype_)
c:/users/egypt_laptop/appdata/roaming/xpacks/@xpack-dev-tools/arm-none-eabi-gcc/10.2.1-1.1.2/.content/bin/../lib/gcc/arm-none-eabi/10.2.1/../../../../arm-none-eabi/lib/thumb/v7e-m+fp/softfp\libg_nano.a(lib_a-errno.o)
                              ./system/src/newlib/sbrk.o (__errno)
c:/users/egypt_laptop/appdata/roaming/xpacks/@xpack-dev-tools/arm-none-eabi-gcc/10.2.1-1.1.2/.content/bin/../lib/gcc/arm-none-eabi/10.2.1/../../../../arm-none-eabi/lib/thumb/v7e-m+fp/softfp\libg_nano.a(lib_a-findfp.o)
                              ./system/src/newlib/syscalls.o (__sinit)
c:/users/egypt_laptop/appdata/roaming/xpacks/@xpack-dev-tools/arm-none-eabi-gcc/10.2.1-1.1.2/.content/bin/../lib/gcc/arm-none-eabi/10.2.1/../../../../arm-none-eabi/lib/thumb/v7e-m+fp/softfp\libg_nano.a(lib_a-fwalk.o)
                              c:/users/egypt_laptop/appdata/roaming/xpacks/@xpack-dev-tools/arm-none-eabi-gcc/10.2.1-1.1.2/.content/bin/../lib/gcc/arm-none-eabi/10.2.1/../../../../arm-none-eabi/lib/thumb/v7e-m+fp/softfp\libg_nano.a(lib_a-findfp.o) (_fwalk)
c:/users/egypt_laptop/appdata/roaming/xpacks/@xpack-dev-tools/arm-none-eabi-gcc/10.2.1-1.1.2/.content/bin/../lib/gcc/arm-none-eabi/10.2.1/../../../../arm-none-eabi/lib/thumb/v7e-m+fp/softfp\libg_nano.a(lib_a-impure.o)
                              c:/users/egypt_laptop/appdata/roaming/xpacks/@xpack-dev-tools/arm-none-eabi-gcc/10.2.1-1.1.2/.content/bin/../lib/gcc/arm-none-eabi/10.2.1/../../../../arm-none-eabi/lib/thumb/v7e-m+fp/softfp\libg_nano.a(lib_a-findfp.o) (_global_impure_ptr)
c:/users/egypt_laptop/appdata/roaming/xpacks/@xpack-dev-tools/arm-none-eabi-gcc/10.2.1-1.1.2/.content/bin/../lib/gcc/arm-none-eabi/10.2.1/../../../../arm-none-eabi/lib/thumb/v7e-m+fp/softfp\libg_nano.a(lib_a-lock.o)
                              c:/users/egypt_laptop/appdata/roaming/xpacks/@xpack-dev-tools/arm-none-eabi-gcc/10.2.1-1.1.2/.content/bin/../lib/gcc/arm-none-eabi/10.2.1/../../../../arm-none-eabi/lib/thumb/v7e-m+fp/softfp\libg_nano.a(lib_a-findfp.o) (__retarget_lock_init_recursive)
c:/users/egypt_laptop/appdata/roaming/xpacks/@xpack-dev-tools/arm-none-eabi-gcc/10.2.1-1.1.2/.content/bin/../lib/gcc/arm-none-eabi/10.2.1/../../../../arm-none-eabi/lib/thumb/v7e-m+fp/softfp\libg_nano.a(lib_a-memcpy-stub.o)
                              ./FreeRTOS Source/queue.o (memcpy)
c:/users/egypt_laptop/appdata/roaming/xpacks/@xpack-dev-tools/arm-none-eabi-gcc/10.2.1-1.1.2/.content/bin/../lib/gcc/arm-none-eabi/10.2.1/../../../../arm-none-eabi/lib/thumb/v7e-m+fp/softfp\libg_nano.a(lib_a-memset.o)
                              ./system/src/newlib/syscalls.o (memset)
c:/users/egypt_laptop/appdata/roaming/xpacks/@xpack-dev-tools/arm-none-eabi-gcc/10.2.1-1.1.2/.content/bin/../lib/gcc/arm-none-eabi/10.2.1/../../../../arm-none-eabi/lib/thumb/v7e-m+fp/softfp\libg_nano.a(lib_a-nano-mallocr.o)
                              c:/users/egypt_laptop/appdata/roaming/xpacks/@xpack-dev-tools/arm-none-eabi-gcc/10.2.1-1.1.2/.content/bin/../lib/gcc/arm-none-eabi/10.2.1/../../../../arm-none-eabi/lib/thumb/v7e-m+fp/softfp\libg_nano.a(lib_a-findfp.o) (_malloc_r)
c:/users/egypt_laptop/appdata/roaming/xpacks/@xpack-dev-tools/arm-none-eabi-gcc/10.2.1-1.1.2/.content/bin/../lib/gcc/arm-none-eabi/10.2.1/../../../../arm-none-eabi/lib/thumb/v7e-m+fp/softfp\libg_nano.a(lib_a-sbrkr.o)
[...]
Memory Configuration

Name             Origin             Length             Attributes
RAM              0x0000000020000000 0x0000000000020000 xrw
CCMRAM           0x0000000010000000 0x0000000000010000 xrw
FLASH            0x0000000008000000 0x0000000000100000 xr
FLASHB1          0x0000000000000000 0x0000000000000000 xr
EXTMEMB0         0x0000000000000000 0x0000000000000000 xr
EXTMEMB1         0x0000000000000000 0x0000000000000000 xr
EXTMEMB2         0x0000000000000000 0x0000000000000000 xr
EXTMEMB3         0x0000000000000000 0x0000000000000000 xr
MEMORY_ARRAY     0x0000000020002000 0x0000000000000020 xrw
*default*        0x0000000000000000 0xffffffffffffffff

Linker script and memory map

LOAD ./system/src/stm32f4-hal/stm32f4xx_hal.o
LOAD ./system/src/stm32f4-hal/stm32f4xx_hal_cortex.o
LOAD ./system/src/stm32f4-hal/stm32f4xx_hal_flash.o
LOAD ./system/src/stm32f4-hal/stm32f4xx_hal_flash_ex.o
LOAD ./system/src/stm32f4-hal/stm32f4xx_hal_flash_ramfunc.o
LOAD ./system/src/stm32f4-hal/stm32f4xx_hal_gpio.o
LOAD ./system/src/stm32f4-hal/stm32f4xx_hal_iwdg.o
LOAD ./system/src/stm32f4-hal/stm32f4xx_hal_pwr.o
LOAD ./system/src/stm32f4-hal/stm32f4xx_hal_rcc.o
LOAD ./system/src/newlib/assert.o
LOAD ./system/src/newlib/cxx.o
LOAD ./system/src/newlib/exit.o
LOAD ./system/src/newlib/sbrk.o
LOAD ./system/src/newlib/startup.o
LOAD ./system/src/newlib/syscalls.o
LOAD ./system/src/diag/trace-impl.o
LOAD ./system/src/diag/trace.o
LOAD ./system/src/cortexm/exception-handlers.o
LOAD ./system/src/cortexm/initialize-hardware.o
LOAD ./system/src/cortexm/reset-hardware.o
LOAD ./system/src/cmsis/system_stm32f4xx.o
LOAD ./system/src/cmsis/vectors_stm32f407xx.o
LOAD ./src/initialize-hardware.o
LOAD ./src/led.o
LOAD ./src/main_new.o
LOAD ./src/stm32f4xx_hal_msp.o
LOAD ./src/write.o
LOAD ./FreeRTOS Source/portable/MemMang/heap_4.o
LOAD ./FreeRTOS Source/portable/GCC/ARM_CM4F/port.o
LOAD ./FreeRTOS Source/croutine.o
LOAD ./FreeRTOS Source/event_groups.o
LOAD ./FreeRTOS Source/list.o
LOAD ./FreeRTOS Source/queue.o
LOAD ./FreeRTOS Source/tasks.o
LOAD ./FreeRTOS Source/timers.o
LOAD c:/users/egypt_laptop/appdata/roaming/xpacks/@xpack-dev-tools/arm-none-eabi-gcc/10.2.1-1.1.2/.content/bin/../lib/gcc/arm-none-eabi/10.2.1/../../../../arm-none-eabi/lib/thumb/v7e-m+fp/softfp\libstdc++_nano.a
LOAD c:/users/egypt_laptop/appdata/roaming/xpacks/@xpack-dev-tools/arm-none-eabi-gcc/10.2.1-1.1.2/.content/bin/../lib/gcc/arm-none-eabi/10.2.1/../../../../arm-none-eabi/lib/thumb/v7e-m+fp/softfp\libm.a
START GROUP
LOAD c:/users/egypt_laptop/appdata/roaming/xpacks/@xpack-dev-tools/arm-none-eabi-gcc/10.2.1-1.1.2/.content/bin/../lib/gcc/arm-none-eabi/10.2.1/thumb/v7e-m+fp/softfp\libgcc.a
LOAD c:/users/egypt_laptop/appdata/roaming/xpacks/@xpack-dev-tools/arm-none-eabi-gcc/10.2.1-1.1.2/.content/bin/../lib/gcc/arm-none-eabi/10.2.1/../../../../arm-none-eabi/lib/thumb/v7e-m+fp/softfp\libg_nano.a
LOAD c:/users/egypt_laptop/appdata/roaming/xpacks/@xpack-dev-tools/arm-none-eabi-gcc/10.2.1-1.1.2/.content/bin/../lib/gcc/arm-none-eabi/10.2.1/../../../../arm-none-eabi/lib/thumb/v7e-m+fp/softfp\libc_nano.a
END GROUP
START GROUP
LOAD c:/users/egypt_laptop/appdata/roaming/xpacks/@xpack-dev-tools/arm-none-eabi-gcc/10.2.1-1.1.2/.content/bin/../lib/gcc/arm-none-eabi/10.2.1/thumb/v7e-m+fp/softfp\libgcc.a
LOAD c:/users/egypt_laptop/appdata/roaming/xpacks/@xpack-dev-tools/arm-none-eabi-gcc/10.2.1-1.1.2/.content/bin/../lib/gcc/arm-none-eabi/10.2.1/../../../../arm-none-eabi/lib/thumb/v7e-m+fp/softfp\libc_nano.a
END GROUP
                0x0000000020020000                __stack = (ORIGIN (RAM) + LENGTH (RAM))
                0x0000000020020000                _estack = __stack
                0x0000000000000400                __Main_Stack_Size = 0x400
                [!provide]                        PROVIDE (_Main_Stack_Size = __Main_Stack_Size)
                0x000000002001fc00                __Main_Stack_Limit = (__stack - __Main_Stack_Size)
                [!provide]                        PROVIDE (_Main_Stack_Limit = __Main_Stack_Limit)
                0x0000000000000100                _Minimum_Stack_Size = 0x100
                0x0000000020013038                PROVIDE (_Heap_Begin = _end_noinit)
                0x000000002001fc00                PROVIDE (_Heap_Limit = (__stack - __Main_Stack_Size))

.isr_vector     0x0000000008000000      0x3e8
 FILL mask 0xff
                0x0000000008000000                __vectors_start = ABSOLUTE (.)
                0x0000000008000000                __vectors_start__ = ABSOLUTE (.)
 *(.isr_vector)
 .isr_vector    0x0000000008000000      0x188 ./system/src/cmsis/vectors_stm32f407xx.o
                0x0000000008000000                __isr_vectors
 *(.cfmconfig)
 *(.after_vectors .after_vectors.*)
 .after_vectors
                0x0000000008000188      0x130 ./system/src/newlib/startup.o
                0x0000000008000188                _start
 .after_vectors
                0x00000000080002b8      0x12c ./system/src/cortexm/exception-handlers.o
                0x00000000080002b8                Reset_Handler
                0x00000000080002be                NMI_Handler
                0x00000000080002c2                HardFault_Handler
                0x00000000080002d6                HardFault_Handler_C
                0x0000000008000334                MemManage_Handler
                0x0000000008000338                BusFault_Handler
                0x000000000800034c                BusFault_Handler_C
                0x0000000008000380                UsageFault_Handler
                0x0000000008000394                UsageFault_Handler_C
                0x00000000080003cc                DebugMon_Handler
 .after_vectors
                0x00000000080003e4        0x4 ./system/src/cmsis/vectors_stm32f407xx.o
                0x00000000080003e4                RTC_Alarm_IRQHandler
                0x00000000080003e4                HASH_RNG_IRQHandler
                0x00000000080003e4                EXTI2_IRQHandler
                0x00000000080003e4                TIM8_CC_IRQHandler
                0x00000000080003e4                TIM1_CC_IRQHandler
                0x00000000080003e4                DMA2_Stream5_IRQHandler
                0x00000000080003e4                DMA1_Stream5_IRQHandler
                0x00000000080003e4                PVD_IRQHandler
                0x00000000080003e4                SDIO_IRQHandler
                0x00000000080003e4                TAMP_STAMP_IRQHandler
                0x00000000080003e4                CAN2_RX1_IRQHandler
                0x00000000080003e4                EXTI3_IRQHandler
                0x00000000080003e4                TIM8_TRG_COM_TIM14_IRQHandler
                0x00000000080003e4                TIM1_UP_TIM10_IRQHandler
                0x00000000080003e4                TIM8_UP_TIM13_IRQHandler
                0x00000000080003e4                I2C3_ER_IRQHandler
                0x00000000080003e4                EXTI0_IRQHandler
                0x00000000080003e4                I2C2_EV_IRQHandler
                0x00000000080003e4                DMA1_Stream2_IRQHandler
                0x00000000080003e4                CAN1_RX0_IRQHandler
                0x00000000080003e4                FPU_IRQHandler
                0x00000000080003e4                OTG_HS_WKUP_IRQHandler
                0x00000000080003e4                CAN2_SCE_IRQHandler
                0x00000000080003e4                DMA2_Stream2_IRQHandler
                0x00000000080003e4                SPI1_IRQHandler
                0x00000000080003e4                TIM6_DAC_IRQHandler
                0x00000000080003e4                TIM1_BRK_TIM9_IRQHandler
                0x00000000080003e4                DCMI_IRQHandler
                0x00000000080003e4                CAN2_RX0_IRQHandler
                0x00000000080003e4                DMA2_Stream3_IRQHandler
                0x00000000080003e4                USART6_IRQHandler
                0x00000000080003e4                USART3_IRQHandler
                0x00000000080003e4                CAN1_RX1_IRQHandler
                0x00000000080003e4                UART5_IRQHandler
                0x00000000080003e4                DMA2_Stream0_IRQHandler
                0x00000000080003e4                TIM4_IRQHandler
                0x00000000080003e4                I2C1_EV_IRQHandler
                0x00000000080003e4                DMA1_Stream6_IRQHandler
                0x00000000080003e4                DMA1_Stream1_IRQHandler
                0x00000000080003e4                UART4_IRQHandler
                0x00000000080003e4                TIM3_IRQHandler
                0x00000000080003e4                RCC_IRQHandler
                0x00000000080003e4                TIM8_BRK_TIM12_IRQHandler
                0x00000000080003e4                Default_Handler
                0x00000000080003e4                EXTI15_10_IRQHandler
                0x00000000080003e4                ADC_IRQHandler
                0x00000000080003e4                DMA1_Stream7_IRQHandler
                0x00000000080003e4                TIM7_IRQHandler
                0x00000000080003e4                CAN2_TX_IRQHandler
                0x00000000080003e4                TIM5_IRQHandler
                0x00000000080003e4                DMA2_Stream7_IRQHandler
                0x00000000080003e4                I2C3_EV_IRQHandler
                0x00000000080003e4                EXTI9_5_IRQHandler
                0x00000000080003e4                RTC_WKUP_IRQHandler
                0x00000000080003e4                ETH_WKUP_IRQHandler
                0x00000000080003e4                SPI2_IRQHandler
                0x00000000080003e4                OTG_HS_EP1_IN_IRQHandler
                0x00000000080003e4                DMA1_Stream0_IRQHandler
                0x00000000080003e4                CAN1_TX_IRQHandler
                0x00000000080003e4                EXTI4_IRQHandler
                0x00000000080003e4                ETH_IRQHandler
                0x00000000080003e4                OTG_HS_EP1_OUT_IRQHandler
                0x00000000080003e4                WWDG_IRQHandler
                0x00000000080003e4                TIM2_IRQHandler
                0x00000000080003e4                OTG_FS_WKUP_IRQHandler
                0x00000000080003e4                TIM1_TRG_COM_TIM11_IRQHandler
                0x00000000080003e4                OTG_HS_IRQHandler
                0x00000000080003e4                EXTI1_IRQHandler
                0x00000000080003e4                USART2_IRQHandler
                0x00000000080003e4                I2C2_ER_IRQHandler
                0x00000000080003e4                DMA2_Stream1_IRQHandler
                0x00000000080003e4                CAN1_SCE_IRQHandler
                0x00000000080003e4                FLASH_IRQHandler
                0x00000000080003e4                DMA2_Stream4_IRQHandler
                0x00000000080003e4                USART1_IRQHandler
                0x00000000080003e4                OTG_FS_IRQHandler
                0x00000000080003e4                SPI3_IRQHandler
                0x00000000080003e4                DMA1_Stream4_IRQHandler
                0x00000000080003e4                I2C1_ER_IRQHandler
                0x00000000080003e4                FMC_IRQHandler
                0x00000000080003e4                DMA2_Stream6_IRQHandler
                0x00000000080003e4                DMA1_Stream3_IRQHandler

.inits          0x00000000080003e8       0x28
                0x00000000080003e8                __data_regions_array_start = .
                0x00000000080003e8        0x4 LONG 0x8004378 LOADADDR (.data)
                0x00000000080003ec        0x4 LONG 0x20000000 ADDR (.data)
                0x00000000080003f0        0x4 LONG 0x20000094 (ADDR (.data) + SIZEOF (.data))
                0x00000000080003f4        0x4 LONG 0x8004378 LOADADDR (.data_CCMRAM)
                0x00000000080003f8        0x4 LONG 0x10000000 ADDR (.data_CCMRAM)
                0x00000000080003fc        0x4 LONG 0x10000000 (ADDR (.data_CCMRAM) + SIZEOF (.data_CCMRAM))
                0x0000000008000400                __data_regions_array_end = .
                0x0000000008000400                __bss_regions_array_start = .
                0x0000000008000400        0x4 LONG 0x20000094 ADDR (.bss)
                0x0000000008000404        0x4 LONG 0x20013038 (ADDR (.bss) + SIZEOF (.bss))
                0x0000000008000408        0x4 LONG 0x10000000 ADDR (.bss_CCMRAM)
                0x000000000800040c        0x4 LONG 0x10000000 (ADDR (.bss_CCMRAM) + SIZEOF (.bss_CCMRAM))
                0x0000000008000410                __bss_regions_array_end = .
 *(.init)
 *(.fini)
                0x0000000008000410                . = ALIGN (0x4)
                0x0000000008000410                PROVIDE (__preinit_array_start = .)
 *(.preinit_array_sysinit .preinit_array_sysinit.*)
 *(.preinit_array_platform .preinit_array_platform.*)
 *(.preinit_array .preinit_array.*)
                0x0000000008000410                PROVIDE (__preinit_array_end = .)
                0x0000000008000410                . = ALIGN (0x4)
                0x0000000008000410                PROVIDE (__init_array_start = .)
 *(SORT_BY_NAME(.init_array.*))
 *(.init_array)
                0x0000000008000410                PROVIDE (__init_array_end = .)
                0x0000000008000410                . = ALIGN (0x4)
                0x0000000008000410                PROVIDE (__fini_array_start = .)
 *(SORT_BY_NAME(.fini_array.*))
 *(.fini_array)
                0x0000000008000410                PROVIDE (__fini_array_end = .)

.flashtext
 *(.flashtext .flashtext.*)

.text           0x0000000008000410     0x3f5f
 *(.text .text.*)
 .text.HAL_InitTick
                0x0000000008000410       0x4c ./system/src/stm32f4-hal/stm32f4xx_hal.o
                0x0000000008000410                HAL_InitTick
 .text.HAL_Init
                0x000000000800045c       0x34 ./system/src/stm32f4-hal/stm32f4xx_hal.o
                0x000000000800045c                HAL_Init
 .text.HAL_GetTick
                0x0000000008000490        0xc ./system/src/stm32f4-hal/stm32f4xx_hal.o
                0x0000000008000490                HAL_GetTick
 .text.HAL_NVIC_SetPriorityGrouping
                0x000000000800049c       0x3c ./system/src/stm32f4-hal/stm32f4xx_hal_cortex.o
                0x000000000800049c                HAL_NVIC_SetPriorityGrouping
 .text.HAL_NVIC_SetPriority
                0x00000000080004d8       0x8c ./system/src/stm32f4-hal/stm32f4xx_hal_cortex.o
                0x00000000080004d8                HAL_NVIC_SetPriority
 .text.HAL_SYSTICK_Config
                0x0000000008000564       0x28 ./system/src/stm32f4-hal/stm32f4xx_hal_cortex.o
                0x0000000008000564                HAL_SYSTICK_Config
 .text.HAL_SYSTICK_CLKSourceConfig
                0x000000000800058c       0x3c ./system/src/stm32f4-hal/stm32f4xx_hal_cortex.o
                0x000000000800058c                HAL_SYSTICK_CLKSourceConfig
 .text.HAL_RCC_OscConfig
                0x00000000080005c8      0x4f0 ./system/src/stm32f4-hal/stm32f4xx_hal_rcc.o
                0x00000000080005c8                HAL_RCC_OscConfig
 .text.HAL_RCC_GetSysClockFreq
                0x0000000008000ab8       0xd4 ./system/src/stm32f4-hal/stm32f4xx_hal_rcc.o
                0x0000000008000ab8                HAL_RCC_GetSysClockFreq
 .text.HAL_RCC_ClockConfig
                0x0000000008000b8c      0x21c ./system/src/stm32f4-hal/stm32f4xx_hal_rcc.o
                0x0000000008000b8c                HAL_RCC_ClockConfig
 .text.HAL_RCC_GetHCLKFreq
                0x0000000008000da8        0xc ./system/src/stm32f4-hal/stm32f4xx_hal_rcc.o
                0x0000000008000da8                HAL_RCC_GetHCLKFreq
 .text._sbrk    0x0000000008000db4       0x44 ./system/src/newlib/sbrk.o
                0x0000000008000db4                _sbrk
 .text._exit    0x0000000008000df8       0x20 ./system/src/newlib/syscalls.o
                0x0000000008000df8                _exit
 .text.initialise_monitor_handles
                0x0000000008000e18       0xa8 ./system/src/newlib/syscalls.o
                0x0000000008000e18                initialise_monitor_handles
 .text.__initialize_args
                0x0000000008000ec0       0xc0 ./system/src/newlib/syscalls.o
                0x0000000008000ec0                __initialize_args
 .text._trace_write_semihosting_debug
                0x0000000008000f80       0x60 ./system/src/diag/trace-impl.o
 .text.trace_write
                0x0000000008000fe0        0x8 ./system/src/diag/trace-impl.o
                0x0000000008000fe0                trace_write
 .text.trace_printf
                0x0000000008000fe8       0x34 ./system/src/diag/trace.o
                0x0000000008000fe8                trace_printf
 .text.trace_puts
                0x000000000800101c       0x20 ./system/src/diag/trace.o
                0x000000000800101c                trace_puts
 .text.dumpExceptionStack
                0x000000000800103c       0xf4 ./system/src/cortexm/exception-handlers.o
                0x000000000800103c                dumpExceptionStack
 .text.isSemihosting
                0x0000000008001130      0x100 ./system/src/cortexm/exception-handlers.o
                0x0000000008001130                isSemihosting
 .text.__initialize_hardware_early
                0x0000000008001230       0x18 ./system/src/cortexm/initialize-hardware.o
                0x0000000008001230                __initialize_hardware_early
 .text.SystemInit
                0x0000000008001248       0x10 ./system/src/cmsis/system_stm32f4xx.o
                0x0000000008001248                SystemInit
 .text.SystemCoreClockUpdate
                0x0000000008001258       0xa0 ./system/src/cmsis/system_stm32f4xx.o
                0x0000000008001258                SystemCoreClockUpdate
 .text.SystemClock_Config
                0x00000000080012f8       0xa0 ./src/initialize-hardware.o
                0x00000000080012f8                SystemClock_Config
 .text.__initialize_hardware
                0x0000000008001398       0x10 ./src/initialize-hardware.o
                0x0000000008001398                __initialize_hardware
 .text.assert_failed
                0x00000000080013a8       0x14 ./src/initialize-hardware.o
                0x00000000080013a8                assert_failed
 .text.SenderTimerCallback
                0x00000000080013bc       0x18 ./src/main_new.o
 .text.ReceiverTimerCallback
                0x00000000080013d4       0x18 ./src/main_new.o
 .text.xSenderTask
                0x00000000080013ec       0x80 ./src/main_new.o
                0x00000000080013ec                xSenderTask
 .text.Init     0x000000000800146c       0xd4 ./src/main_new.o
                0x000000000800146c                Init
 .text.main     0x0000000008001540      0x144 ./src/main_new.o
                0x0000000008001540                main
 .text.xReceiverTask
                0x0000000008001684       0x64 ./src/main_new.o
                0x0000000008001684                xReceiverTask
 .text.vApplicationMallocFailedHook
                0x00000000080016e8        0x2 ./src/main_new.o
                0x00000000080016e8                vApplicationMallocFailedHook
 .text.vApplicationStackOverflowHook
                0x00000000080016ea        0x2 ./src/main_new.o
                0x00000000080016ea                vApplicationStackOverflowHook
 .text.vApplicationIdleHook
                0x00000000080016ec       0x12 ./src/main_new.o
                0x00000000080016ec                vApplicationIdleHook
 .text.vApplicationTickHook
                0x00000000080016fe        0x2 ./src/main_new.o
                0x00000000080016fe                vApplicationTickHook
 .text.HAL_MspInit
                0x0000000008001700        0x2 ./src/stm32f4xx_hal_msp.o
                0x0000000008001700                HAL_MspInit
 *fill*         0x0000000008001702        0x2 
 .text.prvHeapInit
                0x0000000008001704       0x64 ./FreeRTOS Source/portable/MemMang/heap_4.o
 .text.prvInsertBlockIntoFreeList
                0x0000000008001768       0x64 ./FreeRTOS Source/portable/MemMang/heap_4.o
 .text.pvPortMalloc
                0x00000000080017cc      0x104 ./FreeRTOS Source/portable/MemMang/heap_4.o
                0x00000000080017cc                pvPortMalloc
 .text.vPortFree
                0x00000000080018d0       0x70 ./FreeRTOS Source/portable/MemMang/heap_4.o
                0x00000000080018d0                vPortFree
 .text.xPortGetFreeHeapSize
                0x0000000008001940        0xc ./FreeRTOS Source/portable/MemMang/heap_4.o
                0x0000000008001940                xPortGetFreeHeapSize
 .text.prvTaskExitError
                0x000000000800194c       0x34 ./FreeRTOS Source/portable/GCC/ARM_CM4F/port.o
 .text.prvPortStartFirstTask
                0x0000000008001980       0x20 ./FreeRTOS Source/portable/GCC/ARM_CM4F/port.o
 .text.pxPortInitialiseStack
                0x00000000080019a0       0x2c ./FreeRTOS Source/portable/GCC/ARM_CM4F/port.o
                0x00000000080019a0                pxPortInitialiseStack
 *fill*         0x00000000080019cc        0x4 
 .text.SVC_Handler
                0x00000000080019d0       0x24 ./FreeRTOS Source/portable/GCC/ARM_CM4F/port.o
                0x00000000080019d0                SVC_Handler
 .text.vPortEndScheduler
                0x00000000080019f4       0x24 ./FreeRTOS Source/portable/GCC/ARM_CM4F/port.o
                0x00000000080019f4                vPortEndScheduler
 .text.vPortEnterCritical
                0x0000000008001a18       0x44 ./FreeRTOS Source/portable/GCC/ARM_CM4F/port.o
                0x0000000008001a18                vPortEnterCritical
 .text.vPortExitCritical
                0x0000000008001a5c       0x2c ./FreeRTOS Source/portable/GCC/ARM_CM4F/port.o
                0x0000000008001a5c                vPortExitCritical
 *fill*         0x0000000008001a88        0x8 
 .text.PendSV_Handler
                0x0000000008001a90       0x64 ./FreeRTOS Source/portable/GCC/ARM_CM4F/port.o
                0x0000000008001a90                PendSV_Handler
 .text.SysTick_Handler
                0x0000000008001af4       0x2c ./FreeRTOS Source/portable/GCC/ARM_CM4F/port.o
                0x0000000008001af4                SysTick_Handler
 .text.vPortSetupTimerInterrupt
                0x0000000008001b20       0x24 ./FreeRTOS Source/portable/GCC/ARM_CM4F/port.o
                0x0000000008001b20                vPortSetupTimerInterrupt
 .text.xPortStartScheduler
                0x0000000008001b44       0xf4 ./FreeRTOS Source/portable/GCC/ARM_CM4F/port.o
                0x0000000008001b44                xPortStartScheduler
 .text.vPortValidateInterruptPriority
                0x0000000008001c38       0x5c ./FreeRTOS Source/portable/GCC/ARM_CM4F/port.o
                0x0000000008001c38                vPortValidateInterruptPriority
 .text.vListInitialise
                0x0000000008001c94       0x16 ./FreeRTOS Source/list.o
                0x0000000008001c94                vListInitialise
 .text.vListInitialiseItem
                0x0000000008001caa        0x6 ./FreeRTOS Source/list.o
                0x0000000008001caa                vListInitialiseItem
 .text.vListInsertEnd
                0x0000000008001cb0       0x16 ./FreeRTOS Source/list.o
                0x0000000008001cb0                vListInsertEnd
 .text.vListInsert
                0x0000000008001cc6       0x32 ./FreeRTOS Source/list.o
                0x0000000008001cc6                vListInsert
 .text.uxListRemove
                0x0000000008001cf8       0x24 ./FreeRTOS Source/list.o
                0x0000000008001cf8                uxListRemove
 .text.prvIsQueueFull
                0x0000000008001d1c       0x1e ./FreeRTOS Source/queue.o
 .text.prvIsQueueEmpty
                0x0000000008001d3a       0x1a ./FreeRTOS Source/queue.o
 .text.prvCopyDataToQueue
                0x0000000008001d54       0x76 ./FreeRTOS Source/queue.o
 .text.prvCopyDataFromQueue
                0x0000000008001dca       0x24 ./FreeRTOS Source/queue.o
 .text.prvUnlockQueue
                0x0000000008001dee       0x6e ./FreeRTOS Source/queue.o
 .text.xQueueGenericReset
                0x0000000008001e5c       0x84 ./FreeRTOS Source/queue.o
                0x0000000008001e5c                xQueueGenericReset
 .text.prvInitialiseNewQueue
                0x0000000008001ee0       0x22 ./FreeRTOS Source/queue.o
 .text.xQueueGenericCreate
                0x0000000008001f02       0x48 ./FreeRTOS Source/queue.o
                0x0000000008001f02                xQueueGenericCreate
 .text.xQueueGenericSend
                0x0000000008001f4a      0x188 ./FreeRTOS Source/queue.o
                0x0000000008001f4a                xQueueGenericSend
 .text.xQueueGenericSendFromISR
                0x00000000080020d2       0xcc ./FreeRTOS Source/queue.o
                0x00000000080020d2                xQueueGenericSendFromISR
 .text.xQueueGenericReceive
                0x000000000800219e      0x1ba ./FreeRTOS Source/queue.o
                0x000000000800219e                xQueueGenericReceive
 .text.vQueueAddToRegistry
                0x0000000008002358       0x28 ./FreeRTOS Source/queue.o
                0x0000000008002358                vQueueAddToRegistry
 .text.vQueueWaitForMessageRestricted
                0x0000000008002380       0x52 ./FreeRTOS Source/queue.o
                0x0000000008002380                vQueueWaitForMessageRestricted
 *fill*         0x00000000080023d2        0x2 
 .text.prvResetNextTaskUnblockTime
                0x00000000080023d4       0x2c ./FreeRTOS Source/tasks.o
 .text.prvDeleteTCB
                0x0000000008002400       0x12 ./FreeRTOS Source/tasks.o
 .text.prvInitialiseNewTask
                0x0000000008002412       0x9c ./FreeRTOS Source/tasks.o
 *fill*         0x00000000080024ae        0x2 
 .text.prvInitialiseTaskLists
                0x00000000080024b0       0x68 ./FreeRTOS Source/tasks.o
 .text.prvAddNewTaskToReadyList
                0x0000000008002518       0xac ./FreeRTOS Source/tasks.o
 .text.prvAddCurrentTaskToDelayedList
                0x00000000080025c4       0x98 ./FreeRTOS Source/tasks.o
 .text.xTaskCreate
                0x000000000800265c       0x64 ./FreeRTOS Source/tasks.o
                0x000000000800265c                xTaskCreate
 .text.vTaskStartScheduler
                0x00000000080026c0       0x84 ./FreeRTOS Source/tasks.o
                0x00000000080026c0                vTaskStartScheduler
 .text.vTaskEndScheduler
                0x0000000008002744       0x24 ./FreeRTOS Source/tasks.o
                0x0000000008002744                vTaskEndScheduler
 .text.vTaskSuspendAll
                0x0000000008002768       0x10 ./FreeRTOS Source/tasks.o
                0x0000000008002768                vTaskSuspendAll
 .text.xTaskGetTickCount
                0x0000000008002778        0xc ./FreeRTOS Source/tasks.o
                0x0000000008002778                xTaskGetTickCount
 .text.xTaskIncrementTick
                0x0000000008002784      0x128 ./FreeRTOS Source/tasks.o
                0x0000000008002784                xTaskIncrementTick
 .text.xTaskResumeAll
                0x00000000080028ac       0xf8 ./FreeRTOS Source/tasks.o
                0x00000000080028ac                xTaskResumeAll
 .text.prvCheckTasksWaitingTermination
                0x00000000080029a4       0x5c ./FreeRTOS Source/tasks.o
 .text.prvIdleTask
                0x0000000008002a00       0x30 ./FreeRTOS Source/tasks.o
 .text.vTaskSwitchContext
                0x0000000008002a30       0xcc ./FreeRTOS Source/tasks.o
                0x0000000008002a30                vTaskSwitchContext
 .text.vTaskPlaceOnEventList
                0x0000000008002afc       0x30 ./FreeRTOS Source/tasks.o
                0x0000000008002afc                vTaskPlaceOnEventList
 .text.vTaskPlaceOnEventListRestricted
                0x0000000008002b2c       0x38 ./FreeRTOS Source/tasks.o
                0x0000000008002b2c                vTaskPlaceOnEventListRestricted
 .text.xTaskRemoveFromEventList
                0x0000000008002b64       0x8c ./FreeRTOS Source/tasks.o
                0x0000000008002b64                xTaskRemoveFromEventList
 .text.vTaskSetTimeOutState
                0x0000000008002bf0       0x2c ./FreeRTOS Source/tasks.o
                0x0000000008002bf0                vTaskSetTimeOutState
 .text.xTaskCheckForTimeOut
                0x0000000008002c1c       0x80 ./FreeRTOS Source/tasks.o
                0x0000000008002c1c                xTaskCheckForTimeOut
 .text.vTaskMissedYield
                0x0000000008002c9c        0xc ./FreeRTOS Source/tasks.o
                0x0000000008002c9c                vTaskMissedYield
 .text.xTaskGetSchedulerState
                0x0000000008002ca8       0x20 ./FreeRTOS Source/tasks.o
                0x0000000008002ca8                xTaskGetSchedulerState
 .text.vTaskPriorityInherit
                0x0000000008002cc8       0xa0 ./FreeRTOS Source/tasks.o
                0x0000000008002cc8                vTaskPriorityInherit
 .text.xTaskPriorityDisinherit
                0x0000000008002d68       0xb4 ./FreeRTOS Source/tasks.o
                0x0000000008002d68                xTaskPriorityDisinherit
 .text.pvTaskIncrementMutexHeldCount
                0x0000000008002e1c       0x1c ./FreeRTOS Source/tasks.o
                0x0000000008002e1c                pvTaskIncrementMutexHeldCount
 .text.prvGetNextExpireTime
                0x0000000008002e38       0x20 ./FreeRTOS Source/timers.o
 .text.prvInsertTimerInActiveList
                0x0000000008002e58       0x48 ./FreeRTOS Source/timers.o
 .text.prvCheckForValidListAndQueue
                0x0000000008002ea0       0x5c ./FreeRTOS Source/timers.o
 .text.prvInitialiseNewTimer
                0x0000000008002efc       0x40 ./FreeRTOS Source/timers.o
 .text.xTimerCreateTimerTask
                0x0000000008002f3c       0x50 ./FreeRTOS Source/timers.o
                0x0000000008002f3c                xTimerCreateTimerTask
 .text.xTimerCreate
                0x0000000008002f8c       0x32 ./FreeRTOS Source/timers.o
                0x0000000008002f8c                xTimerCreate
 *fill*         0x0000000008002fbe        0x2 
 .text.xTimerGenericCommand
                0x0000000008002fc0       0x6c ./FreeRTOS Source/timers.o
                0x0000000008002fc0                xTimerGenericCommand
 .text.prvSwitchTimerLists
                0x000000000800302c       0x78 ./FreeRTOS Source/timers.o
 .text.prvSampleTimeNow
                0x00000000080030a4       0x2c ./FreeRTOS Source/timers.o
 .text.prvProcessExpiredTimer
                0x00000000080030d0       0x60 ./FreeRTOS Source/timers.o
 .text.prvProcessTimerOrBlockTask
                0x0000000008003130       0x74 ./FreeRTOS Source/timers.o
 .text.prvProcessReceivedCommands
                0x00000000080031a4       0xe0 ./FreeRTOS Source/timers.o
 .text.prvTimerTask
                0x0000000008003284       0x16 ./FreeRTOS Source/timers.o
 *fill*         0x000000000800329a        0x2 
 .text          0x000000000800329c       0x30 c:/users/egypt_laptop/appdata/roaming/xpacks/@xpack-dev-tools/arm-none-eabi-gcc/10.2.1-1.1.2/.content/bin/../lib/gcc/arm-none-eabi/10.2.1/thumb/v7e-m+fp/softfp\libgcc.a(_aeabi_uldivmod.o)
                0x000000000800329c                __aeabi_uldivmod
 .text.__udivmoddi4
                0x00000000080032cc      0x2d0 c:/users/egypt_laptop/appdata/roaming/xpacks/@xpack-dev-tools/arm-none-eabi-gcc/10.2.1-1.1.2/.content/bin/../lib/gcc/arm-none-eabi/10.2.1/thumb/v7e-m+fp/softfp\libgcc.a(_udivmoddi4.o)
                0x00000000080032cc                __udivmoddi4
 .text          0x000000000800359c        0x4 c:/users/egypt_laptop/appdata/roaming/xpacks/@xpack-dev-tools/arm-none-eabi-gcc/10.2.1-1.1.2/.content/bin/../lib/gcc/arm-none-eabi/10.2.1/thumb/v7e-m+fp/softfp\libgcc.a(_dvmd_tls.o)
                0x000000000800359c                __aeabi_idiv0
                0x000000000800359c                __aeabi_ldiv0
 .text.__errno  0x00000000080035a0        0xc c:/users/egypt_laptop/appdata/roaming/xpacks/@xpack-dev-tools/arm-none-eabi-gcc/10.2.1-1.1.2/.content/bin/../lib/gcc/arm-none-eabi/10.2.1/../../../../arm-none-eabi/lib/thumb/v7e-m+fp/softfp\libg_nano.a(lib_a-errno.o)
                0x00000000080035a0                __errno
 .text.__retarget_lock_acquire_recursive
                0x00000000080035ac        0x2 c:/users/egypt_laptop/appdata/roaming/xpacks/@xpack-dev-tools/arm-none-eabi-gcc/10.2.1-1.1.2/.content/bin/../lib/gcc/arm-none-eabi/10.2.1/../../../../arm-none-eabi/lib/thumb/v7e-m+fp/softfp\libg_nano.a(lib_a-lock.o)
                0x00000000080035ac                __retarget_lock_acquire_recursive
 .text.__retarget_lock_release_recursive
                0x00000000080035ae        0x2 c:/users/egypt_laptop/appdata/roaming/xpacks/@xpack-dev-tools/arm-none-eabi-gcc/10.2.1-1.1.2/.content/bin/../lib/gcc/arm-none-eabi/10.2.1/../../../../arm-none-eabi/lib/thumb/v7e-m+fp/softfp\libg_nano.a(lib_a-lock.o)
                0x00000000080035ae                __retarget_lock_release_recursive
 .text.memcpy   0x00000000080035b0       0x1c c:/users/egypt_laptop/appdata/roaming/xpacks/@xpack-dev-tools/arm-none-eabi-gcc/10.2.1-1.1.2/.content/bin/../lib/gcc/arm-none-eabi/10.2.1/../../../../arm-none-eabi/lib/thumb/v7e-m+fp/softfp\libg_nano.a(lib_a-memcpy-stub.o)
                0x00000000080035b0                memcpy
 .text.memset   0x00000000080035cc       0x10 c:/users/egypt_laptop/appdata/roaming/xpacks/@xpack-dev-tools/arm-none-eabi-gcc/10.2.1-1.1.2/.content/bin/../lib/gcc/arm-none-eabi/10.2.1/../../../../arm-none-eabi/lib/thumb/v7e-m+fp/softfp\libg_nano.a(lib_a-memset.o)
                0x00000000080035cc                memset
 .text._malloc_r
                0x00000000080035dc       0xb4 c:/users/egypt_laptop/appdata/roaming/xpacks/@xpack-dev-tools/arm-none-eabi-gcc/10.2.1-1.1.2/.content/bin/../lib/gcc/arm-none-eabi/10.2.1/../../../../arm-none-eabi/lib/thumb/v7e-m+fp/softfp\libg_nano.a(lib_a-nano-mallocr.o)
                0x00000000080035dc                _malloc_r
 .text._sbrk_r  0x0000000008003690       0x20 c:/users/egypt_laptop/appdata/roaming/xpacks/@xpack-dev-tools/arm-none-eabi-gcc/10.2.1-1.1.2/.content/bin/../lib/gcc/arm-none-eabi/10.2.1/../../../../arm-none-eabi/lib/thumb/v7e-m+fp/softfp\libg_nano.a(lib_a-sbrkr.o)
                0x0000000008003690                _sbrk_r
 .text          0x00000000080036b0       0x14 c:/users/egypt_laptop/appdata/roaming/xpacks/@xpack-dev-tools/arm-none-eabi-gcc/10.2.1-1.1.2/.content/bin/../lib/gcc/arm-none-eabi/10.2.1/../../../../arm-none-eabi/lib/thumb/v7e-m+fp/softfp\libg_nano.a(lib_a-strcmp.o)
                0x00000000080036b0                strcmp
 .text          0x00000000080036c4       0x10 c:/users/egypt_laptop/appdata/roaming/xpacks/@xpack-dev-tools/arm-none-eabi-gcc/10.2.1-1.1.2/.content/bin/../lib/gcc/arm-none-eabi/10.2.1/../../../../arm-none-eabi/lib/thumb/v7e-m+fp/softfp\libg_nano.a(lib_a-strlen.o)
                0x00000000080036c4                strlen
 .text._vsnprintf_r
                0x00000000080036d4       0x56 c:/users/egypt_laptop/appdata/roaming/xpacks/@xpack-dev-tools/arm-none-eabi-gcc/10.2.1-1.1.2/.content/bin/../lib/gcc/arm-none-eabi/10.2.1/../../../../arm-none-eabi/lib/thumb/v7e-m+fp/softfp\libg_nano.a(lib_a-vsnprintf.o)
                0x00000000080036d4                _vsniprintf_r
                0x00000000080036d4                _vsnprintf_r
 *fill*         0x000000000800372a        0x2 
 .text.vsnprintf
                0x000000000800372c       0x1c c:/users/egypt_laptop/appdata/roaming/xpacks/@xpack-dev-tools/arm-none-eabi-gcc/10.2.1-1.1.2/.content/bin/../lib/gcc/arm-none-eabi/10.2.1/../../../../arm-none-eabi/lib/thumb/v7e-m+fp/softfp\libg_nano.a(lib_a-vsnprintf.o)
                0x000000000800372c                vsniprintf
                0x000000000800372c                vsnprintf
 .text.__malloc_lock
                0x0000000008003748        0xc c:/users/egypt_laptop/appdata/roaming/xpacks/@xpack-dev-tools/arm-none-eabi-gcc/10.2.1-1.1.2/.content/bin/../lib/gcc/arm-none-eabi/10.2.1/../../../../arm-none-eabi/lib/thumb/v7e-m+fp/softfp\libg_nano.a(lib_a-mlock.o)
                0x0000000008003748                __malloc_lock
 .text.__malloc_unlock
                0x0000000008003754        0xc c:/users/egypt_laptop/appdata/roaming/xpacks/@xpack-dev-tools/arm-none-eabi-gcc/10.2.1-1.1.2/.content/bin/../lib/gcc/arm-none-eabi/10.2.1/../../../../arm-none-eabi/lib/thumb/v7e-m+fp/softfp\libg_nano.a(lib_a-mlock.o)
                0x0000000008003754                __malloc_unlock
 .text._free_r  0x0000000008003760       0x98 c:/users/egypt_laptop/appdata/roaming/xpacks/@xpack-dev-tools/arm-none-eabi-gcc/10.2.1-1.1.2/.content/bin/../lib/gcc/arm-none-eabi/10.2.1/../../../../arm-none-eabi/lib/thumb/v7e-m+fp/softfp\libg_nano.a(lib_a-nano-freer.o)
                0x0000000008003760                _free_r
 .text.__ssputs_r
                0x00000000080037f8       0xb6 c:/users/egypt_laptop/appdata/roaming/xpacks/@xpack-dev-tools/arm-none-eabi-gcc/10.2.1-1.1.2/.content/bin/../lib/gcc/arm-none-eabi/10.2.1/../../../../arm-none-eabi/lib/thumb/v7e-m+fp/softfp\libg_nano.a(lib_a-nano-svfprintf.o)
                0x00000000080037f8                __ssputs_r
 *fill*         0x00000000080038ae        0x2 
 .text._svfprintf_r
                0x00000000080038b0      0x200 c:/users/egypt_laptop/appdata/roaming/xpacks/@xpack-dev-tools/arm-none-eabi-gcc/10.2.1-1.1.2/.content/bin/../lib/gcc/arm-none-eabi/10.2.1/../../../../arm-none-eabi/lib/thumb/v7e-m+fp/softfp\libg_nano.a(lib_a-nano-svfprintf.o)
                0x00000000080038b0                _svfiprintf_r
                0x00000000080038b0                _svfprintf_r
 .text._printf_common
                0x0000000008003ab0       0xda c:/users/egypt_laptop/appdata/roaming/xpacks/@xpack-dev-tools/arm-none-eabi-gcc/10.2.1-1.1.2/.content/bin/../lib/gcc/arm-none-eabi/10.2.1/../../../../arm-none-eabi/lib/thumb/v7e-m+fp/softfp\libg_nano.a(lib_a-nano-vfprintf_i.o)
                0x0000000008003ab0                _printf_common
 *fill*         0x0000000008003b8a        0x2 
 .text._printf_i
                0x0000000008003b8c      0x24c c:/users/egypt_laptop/appdata/roaming/xpacks/@xpack-dev-tools/arm-none-eabi-gcc/10.2.1-1.1.2/.content/bin/../lib/gcc/arm-none-eabi/10.2.1/../../../../arm-none-eabi/lib/thumb/v7e-m+fp/softfp\libg_nano.a(lib_a-nano-vfprintf_i.o)
                0x0000000008003b8c                _printf_i
 *fill*         0x0000000008003dd8        0x8 
 .text          0x0000000008003de0       0xa0 c:/users/egypt_laptop/appdata/roaming/xpacks/@xpack-dev-tools/arm-none-eabi-gcc/10.2.1-1.1.2/.content/bin/../lib/gcc/arm-none-eabi/10.2.1/../../../../arm-none-eabi/lib/thumb/v7e-m+fp/softfp\libg_nano.a(lib_a-memchr.o)
                0x0000000008003de0                memchr
 .text.memmove  0x0000000008003e80       0x34 c:/users/egypt_laptop/appdata/roaming/xpacks/@xpack-dev-tools/arm-none-eabi-gcc/10.2.1-1.1.2/.content/bin/../lib/gcc/arm-none-eabi/10.2.1/../../../../arm-none-eabi/lib/thumb/v7e-m+fp/softfp\libg_nano.a(lib_a-memmove.o)
                0x0000000008003e80                memmove
 .text._realloc_r
                0x0000000008003eb4       0x4c c:/users/egypt_laptop/appdata/roaming/xpacks/@xpack-dev-tools/arm-none-eabi-gcc/10.2.1-1.1.2/.content/bin/../lib/gcc/arm-none-eabi/10.2.1/../../../../arm-none-eabi/lib/thumb/v7e-m+fp/softfp\libg_nano.a(lib_a-nano-reallocr.o)
                0x0000000008003eb4                _realloc_r
 .text._malloc_usable_size_r
                0x0000000008003f00       0x10 c:/users/egypt_laptop/appdata/roaming/xpacks/@xpack-dev-tools/arm-none-eabi-gcc/10.2.1-1.1.2/.content/bin/../lib/gcc/arm-none-eabi/10.2.1/../../../../arm-none-eabi/lib/thumb/v7e-m+fp/softfp\libg_nano.a(lib_a-nano-msizer.o)
                0x0000000008003f00                _malloc_usable_size_r
 *(.rodata .rodata.* .constdata .constdata.*)
 .rodata.HAL_NVIC_SetPriorityGrouping.str1.4
                0x0000000008003f10       0x31 ./system/src/stm32f4-hal/stm32f4xx_hal_cortex.o
 *fill*         0x0000000008003f41        0x3 
 .rodata.HAL_RCC_OscConfig.str1.4
                0x0000000008003f44       0x2e ./system/src/stm32f4-hal/stm32f4xx_hal_rcc.o
 *fill*         0x0000000008003f72        0x2 
 .rodata.initialise_monitor_handles.str1.4
                0x0000000008003f74        0x4 ./system/src/newlib/syscalls.o
 .rodata.trace_puts.str1.4
                0x0000000008003f78        0x4 ./system/src/diag/trace.o
                                          0x2 (size before relaxing)
 .rodata.dumpExceptionStack.str1.4
                0x0000000008003f78      0x11a ./system/src/cortexm/exception-handlers.o
 .rodata.isSemihosting.str1.4
                0x0000000008004092        0x4 ./system/src/cortexm/exception-handlers.o
 *fill*         0x0000000008004092        0x2 
 .rodata.str1.4
                0x0000000008004094       0x2a ./system/src/cortexm/exception-handlers.o
 *fill*         0x00000000080040be        0x2 
 .rodata.AHBPrescTable
                0x00000000080040c0       0x10 ./system/src/cmsis/system_stm32f4xx.o
                0x00000000080040c0                AHBPrescTable
 .rodata.assert_failed.str1.4
                0x00000000080040d0       0x2d ./src/initialize-hardware.o
 *fill*         0x00000000080040fd        0x3 
 .rodata.Init.str1.4
                0x0000000008004100       0x70 ./src/main_new.o
 .rodata.main.str1.4
                0x0000000008004170       0x2d ./src/main_new.o
 *fill*         0x000000000800419d        0x3 
 .rodata.xReceiverTask.str1.4
                0x00000000080041a0       0x14 ./src/main_new.o
 .rodata        0x00000000080041b4        0xa ./src/main_new.o
 *fill*         0x00000000080041be        0x2 
 .rodata.vTaskStartScheduler.str1.4
                0x00000000080041c0        0x5 ./FreeRTOS Source/tasks.o
 *fill*         0x00000000080041c5        0x3 
 .rodata.prvCheckForValidListAndQueue.str1.4
                0x00000000080041c8        0x5 ./FreeRTOS Source/timers.o
 *fill*         0x00000000080041cd        0x3 
 .rodata.xTimerCreateTimerTask.str1.4
                0x00000000080041d0        0x8 ./FreeRTOS Source/timers.o
 .rodata._ctype_
                0x00000000080041d8      0x101 c:/users/egypt_laptop/appdata/roaming/xpacks/@xpack-dev-tools/arm-none-eabi-gcc/10.2.1-1.1.2/.content/bin/../lib/gcc/arm-none-eabi/10.2.1/../../../../arm-none-eabi/lib/thumb/v7e-m+fp/softfp\libg_nano.a(lib_a-ctype_.o)
                0x00000000080041d8                _ctype_
 *fill*         0x00000000080042d9        0x3 
 .rodata.__sf_fake_stderr
                0x00000000080042dc       0x20 c:/users/egypt_laptop/appdata/roaming/xpacks/@xpack-dev-tools/arm-none-eabi-gcc/10.2.1-1.1.2/.content/bin/../lib/gcc/arm-none-eabi/10.2.1/../../../../arm-none-eabi/lib/thumb/v7e-m+fp/softfp\libg_nano.a(lib_a-findfp.o)
                0x00000000080042dc                __sf_fake_stderr
 .rodata.__sf_fake_stdin
                0x00000000080042fc       0x20 c:/users/egypt_laptop/appdata/roaming/xpacks/@xpack-dev-tools/arm-none-eabi-gcc/10.2.1-1.1.2/.content/bin/../lib/gcc/arm-none-eabi/10.2.1/../../../../arm-none-eabi/lib/thumb/v7e-m+fp/softfp\libg_nano.a(lib_a-findfp.o)
                0x00000000080042fc                __sf_fake_stdin
 .rodata.__sf_fake_stdout
                0x000000000800431c       0x20 c:/users/egypt_laptop/appdata/roaming/xpacks/@xpack-dev-tools/arm-none-eabi-gcc/10.2.1-1.1.2/.content/bin/../lib/gcc/arm-none-eabi/10.2.1/../../../../arm-none-eabi/lib/thumb/v7e-m+fp/softfp\libg_nano.a(lib_a-findfp.o)
                0x000000000800431c                __sf_fake_stdout
 .rodata._svfprintf_r.str1.1
                0x000000000800433c       0x11 c:/users/egypt_laptop/appdata/roaming/xpacks/@xpack-dev-tools/arm-none-eabi-gcc/10.2.1-1.1.2/.content/bin/../lib/gcc/arm-none-eabi/10.2.1/../../../../arm-none-eabi/lib/thumb/v7e-m+fp/softfp\libg_nano.a(lib_a-nano-svfprintf.o)
 .rodata._printf_i.str1.1
                0x000000000800434d       0x22 c:/users/egypt_laptop/appdata/roaming/xpacks/@xpack-dev-tools/arm-none-eabi-gcc/10.2.1-1.1.2/.content/bin/../lib/gcc/arm-none-eabi/10.2.1/../../../../arm-none-eabi/lib/thumb/v7e-m+fp/softfp\libg_nano.a(lib_a-nano-vfprintf_i.o)
 *(vtable)
 *(.eh_frame*)
 *(.glue_7)
 .glue_7        0x000000000800436f        0x0 linker stubs
 *(.glue_7t)
 .glue_7t       0x000000000800436f        0x0 linker stubs

.vfp11_veneer   0x0000000008004370        0x0
 .vfp11_veneer  0x0000000008004370        0x0 linker stubs

.v4_bx          0x0000000008004370        0x0
 .v4_bx         0x0000000008004370        0x0 linker stubs

.iplt           0x0000000008004370        0x0
 .iplt          0x0000000008004370        0x0 ./system/src/stm32f4-hal/stm32f4xx_hal.o

.ARM.extab
 *(.ARM.extab* .gnu.linkonce.armextab.*)
                0x0000000008004370                . = ALIGN (0x4)
                0x0000000008004370                __exidx_start = .

.ARM.exidx      0x0000000008004370        0x8
 *(.ARM.exidx* .gnu.linkonce.armexidx.*)
 .ARM.exidx.text.__udivmoddi4
                0x0000000008004370        0x8 c:/users/egypt_laptop/appdata/roaming/xpacks/@xpack-dev-tools/arm-none-eabi-gcc/10.2.1-1.1.2/.content/bin/../lib/gcc/arm-none-eabi/10.2.1/thumb/v7e-m+fp/softfp\libgcc.a(_udivmoddi4.o)
                0x0000000008004378                __exidx_end = .

.rel.dyn        0x0000000008004378        0x0
 .rel.iplt      0x0000000008004378        0x0 ./system/src/stm32f4-hal/stm32f4xx_hal.o
                0x0000000008004378                . = ALIGN (0x4)
                0x0000000008004378                _etext = .
                0x0000000008004378                __etext = .

.data_CCMRAM    0x0000000010000000        0x0 load address 0x0000000008004378
 FILL mask 0xff
 *(.data.CCMRAM .data.CCMRAM.*)
                0x0000000010000000                . = ALIGN (0x4)
                0x0000000008004378                _sidata = LOADADDR (.data)

.data           0x0000000020000000       0x94 load address 0x0000000008004378
 FILL mask 0xff
                0x0000000020000000                _sdata = .
                0x0000000020000000                __data_start__ = .
 *(.data_begin .data_begin.*)
 .data_begin    0x0000000020000000        0x4 ./system/src/newlib/startup.o
 *(.data .data.*)
 .data.uwTickFreq
                0x0000000020000004        0x1 ./system/src/stm32f4-hal/stm32f4xx_hal.o
                0x0000000020000004                uwTickFreq
 *fill*         0x0000000020000005        0x3 ff
 .data.uwTickPrio
                0x0000000020000008        0x4 ./system/src/stm32f4-hal/stm32f4xx_hal.o
                0x0000000020000008                uwTickPrio
 .data.SystemCoreClock
                0x000000002000000c        0x4 ./system/src/cmsis/system_stm32f4xx.o
                0x000000002000000c                SystemCoreClock
 .data.arr      0x0000000020000010       0x18 ./src/main_new.o
                0x0000000020000010                arr
 .data.uxCriticalNesting
                0x0000000020000028        0x4 ./FreeRTOS Source/portable/GCC/ARM_CM4F/port.o
 .data._impure_ptr
                0x000000002000002c        0x4 c:/users/egypt_laptop/appdata/roaming/xpacks/@xpack-dev-tools/arm-none-eabi-gcc/10.2.1-1.1.2/.content/bin/../lib/gcc/arm-none-eabi/10.2.1/../../../../arm-none-eabi/lib/thumb/v7e-m+fp/softfp\libg_nano.a(lib_a-impure.o)
                0x000000002000002c                _impure_ptr
 .data.impure_data
                0x0000000020000030       0x60 c:/users/egypt_laptop/appdata/roaming/xpacks/@xpack-dev-tools/arm-none-eabi-gcc/10.2.1-1.1.2/.content/bin/../lib/gcc/arm-none-eabi/10.2.1/../../../../arm-none-eabi/lib/thumb/v7e-m+fp/softfp\libg_nano.a(lib_a-impure.o)
 *(.data_end .data_end.*)
 .data_end      0x0000000020000090        0x4 ./system/src/newlib/startup.o
                0x0000000020000094                . = ALIGN (0x4)
                0x0000000020000094                _edata = .
                0x0000000020000094                __data_end__ = .

.igot.plt       0x0000000020000094        0x0 load address 0x000000000800440c
 .igot.plt      0x0000000020000094        0x0 ./system/src/stm32f4-hal/stm32f4xx_hal.o

.bss_CCMRAM     0x0000000010000000        0x0
 *(.bss.CCMRAM .bss.CCMRAM.*)

.bss            0x0000000020000094    0x12fa4
                0x0000000020000094                __bss_start__ = .
                0x0000000020000094                _sbss = .
 *(.bss_begin .bss_begin.*)
 .bss_begin     0x0000000020000094        0x4 ./system/src/newlib/startup.o
 *(.bss .bss.*)
 .bss.uwTick    0x0000000020000098        0x4 ./system/src/stm32f4-hal/stm32f4xx_hal.o
                0x0000000020000098                uwTick
 .bss.current_heap_end.0
                0x000000002000009c        0x4 ./system/src/newlib/sbrk.o
 .bss.args_buf.1
                0x00000000200000a0       0x50 ./system/src/newlib/syscalls.o
 .bss.argv_buf.0
                0x00000000200000f0       0x28 ./system/src/newlib/syscalls.o
 .bss.errno     0x0000000020000118        0x4 ./system/src/newlib/syscalls.o
                0x0000000020000118                errno
 .bss.monitor_stderr
                0x000000002000011c        0x4 ./system/src/newlib/syscalls.o
 .bss.monitor_stdin
                0x0000000020000120        0x4 ./system/src/newlib/syscalls.o
 .bss.monitor_stdout
                0x0000000020000124        0x4 ./system/src/newlib/syscalls.o
 .bss.openfiles
                0x0000000020000128       0xa0 ./system/src/newlib/syscalls.o
 .bss.buf.0     0x00000000200001c8       0x80 ./system/src/diag/trace.o
 .bss.blocked_send
                0x0000000020000248        0x4 ./src/main_new.o
                0x0000000020000248                blocked_send
 .bss.count.0   0x000000002000024c        0x1 ./src/main_new.o
 *fill*         0x000000002000024d        0x3 
 .bss.success_receive
                0x0000000020000250        0x4 ./src/main_new.o
                0x0000000020000250                success_receive
 .bss.success_send
                0x0000000020000254        0x4 ./src/main_new.o
                0x0000000020000254                success_send
 .bss.xHandleReceiver
                0x0000000020000258        0x4 ./src/main_new.o
 .bss.xHandleSender
                0x000000002000025c        0x4 ./src/main_new.o
 .bss.xQueueSender
                0x0000000020000260        0x4 ./src/main_new.o
 .bss.xReturnedQueue
                0x0000000020000264        0x4 ./src/main_new.o
                0x0000000020000264                xReturnedQueue
 .bss.xReturnedReceiver
                0x0000000020000268        0x4 ./src/main_new.o
                0x0000000020000268                xReturnedReceiver
 .bss.xReturnedSender
                0x000000002000026c        0x4 ./src/main_new.o
                0x000000002000026c                xReturnedSender
 .bss.xSemaphoreReceiver
                0x0000000020000270        0x4 ./src/main_new.o
 .bss.xSemaphoreSender
                0x0000000020000274        0x4 ./src/main_new.o
 .bss.xTimerReceiver
                0x0000000020000278        0x4 ./src/main_new.o
 .bss.xTimerReceiverStarted
                0x000000002000027c        0x4 ./src/main_new.o
                0x000000002000027c                xTimerReceiverStarted
 .bss.xTimerSender
                0x0000000020000280        0x4 ./src/main_new.o
 .bss.xTimerSenderStarted
                0x0000000020000284        0x4 ./src/main_new.o
                0x0000000020000284                xTimerSenderStarted
 .bss.pxEnd     0x0000000020000288        0x4 ./FreeRTOS Source/portable/MemMang/heap_4.o
 .bss.ucHeap    0x000000002000028c    0x12c00 ./FreeRTOS Source/portable/MemMang/heap_4.o
 .bss.xBlockAllocatedBit
                0x0000000020012e8c        0x4 ./FreeRTOS Source/portable/MemMang/heap_4.o
 .bss.xFreeBytesRemaining
                0x0000000020012e90        0x4 ./FreeRTOS Source/portable/MemMang/heap_4.o
 .bss.xMinimumEverFreeBytesRemaining
                0x0000000020012e94        0x4 ./FreeRTOS Source/portable/MemMang/heap_4.o
 .bss.xStart    0x0000000020012e98        0x8 ./FreeRTOS Source/portable/MemMang/heap_4.o
 .bss.ucMaxSysCallPriority
                0x0000000020012ea0        0x1 ./FreeRTOS Source/portable/GCC/ARM_CM4F/port.o
 *fill*         0x0000000020012ea1        0x3 
 .bss.ulMaxPRIGROUPValue
                0x0000000020012ea4        0x4 ./FreeRTOS Source/portable/GCC/ARM_CM4F/port.o
 .bss.xQueueRegistry
                0x0000000020012ea8       0x40 ./FreeRTOS Source/queue.o
                0x0000000020012ea8                xQueueRegistry
 .bss.pxCurrentTCB
                0x0000000020012ee8        0x4 ./FreeRTOS Source/tasks.o
                0x0000000020012ee8                pxCurrentTCB
 .bss.pxDelayedTaskList
                0x0000000020012eec        0x4 ./FreeRTOS Source/tasks.o
 .bss.pxOverflowDelayedTaskList
                0x0000000020012ef0        0x4 ./FreeRTOS Source/tasks.o
 .bss.pxReadyTasksLists
                0x0000000020012ef4       0x64 ./FreeRTOS Source/tasks.o
 .bss.uxCurrentNumberOfTasks
                0x0000000020012f58        0x4 ./FreeRTOS Source/tasks.o
 .bss.uxDeletedTasksWaitingCleanUp
                0x0000000020012f5c        0x4 ./FreeRTOS Source/tasks.o
 .bss.uxPendedTicks
                0x0000000020012f60        0x4 ./FreeRTOS Source/tasks.o
 .bss.uxSchedulerSuspended
                0x0000000020012f64        0x4 ./FreeRTOS Source/tasks.o
 .bss.uxTaskNumber
                0x0000000020012f68        0x4 ./FreeRTOS Source/tasks.o
 .bss.uxTopReadyPriority
                0x0000000020012f6c        0x4 ./FreeRTOS Source/tasks.o
 .bss.xDelayedTaskList1
                0x0000000020012f70       0x14 ./FreeRTOS Source/tasks.o
 .bss.xDelayedTaskList2
                0x0000000020012f84       0x14 ./FreeRTOS Source/tasks.o
 .bss.xIdleTaskHandle
                0x0000000020012f98        0x4 ./FreeRTOS Source/tasks.o
 .bss.xNextTaskUnblockTime
                0x0000000020012f9c        0x4 ./FreeRTOS Source/tasks.o
 .bss.xNumOfOverflows
                0x0000000020012fa0        0x4 ./FreeRTOS Source/tasks.o
 .bss.xPendingReadyList
                0x0000000020012fa4       0x14 ./FreeRTOS Source/tasks.o
 .bss.xSchedulerRunning
                0x0000000020012fb8        0x4 ./FreeRTOS Source/tasks.o
 .bss.xSuspendedTaskList
                0x0000000020012fbc       0x14 ./FreeRTOS Source/tasks.o
 .bss.xTasksWaitingTermination
                0x0000000020012fd0       0x14 ./FreeRTOS Source/tasks.o
 .bss.xTickCount
                0x0000000020012fe4        0x4 ./FreeRTOS Source/tasks.o
 .bss.xYieldPending
                0x0000000020012fe8        0x4 ./FreeRTOS Source/tasks.o
 .bss.pxCurrentTimerList
                0x0000000020012fec        0x4 ./FreeRTOS Source/timers.o
 .bss.pxOverflowTimerList
                0x0000000020012ff0        0x4 ./FreeRTOS Source/timers.o
 .bss.xActiveTimerList1
                0x0000000020012ff4       0x14 ./FreeRTOS Source/timers.o
 .bss.xActiveTimerList2
                0x0000000020013008       0x14 ./FreeRTOS Source/timers.o
 .bss.xLastTime.0
                0x000000002001301c        0x4 ./FreeRTOS Source/timers.o
 .bss.xTimerQueue
                0x0000000020013020        0x4 ./FreeRTOS Source/timers.o
 .bss.xTimerTaskHandle
                0x0000000020013024        0x4 ./FreeRTOS Source/timers.o
 .bss.__lock___malloc_recursive_mutex
                0x0000000020013028        0x1 c:/users/egypt_laptop/appdata/roaming/xpacks/@xpack-dev-tools/arm-none-eabi-gcc/10.2.1-1.1.2/.content/bin/../lib/gcc/arm-none-eabi/10.2.1/../../../../arm-none-eabi/lib/thumb/v7e-m+fp/softfp\libg_nano.a(lib_a-lock.o)
                0x0000000020013028                __lock___malloc_recursive_mutex
 *fill*         0x0000000020013029        0x3 
 .bss.__malloc_free_list
                0x000000002001302c        0x4 c:/users/egypt_laptop/appdata/roaming/xpacks/@xpack-dev-tools/arm-none-eabi-gcc/10.2.1-1.1.2/.content/bin/../lib/gcc/arm-none-eabi/10.2.1/../../../../arm-none-eabi/lib/thumb/v7e-m+fp/softfp\libg_nano.a(lib_a-nano-mallocr.o)
                0x000000002001302c                __malloc_free_list
 .bss.__malloc_sbrk_start
                0x0000000020013030        0x4 c:/users/egypt_laptop/appdata/roaming/xpacks/@xpack-dev-tools/arm-none-eabi-gcc/10.2.1-1.1.2/.content/bin/../lib/gcc/arm-none-eabi/10.2.1/../../../../arm-none-eabi/lib/thumb/v7e-m+fp/softfp\libg_nano.a(lib_a-nano-mallocr.o)
                0x0000000020013030                __malloc_sbrk_start
 *(COMMON)
 *(.bss_end .bss_end.*)
 .bss_end       0x0000000020013034        0x4 ./system/src/newlib/startup.o
                0x0000000020013038                . = ALIGN (0x4)
                0x0000000020013038                __bss_end__ = .
                0x0000000020013038                _ebss = .

.noinit_CCMRAM
 *(.noinit.CCMRAM .noinit.CCMRAM.*)

.noinit         0x0000000020013038        0x0
                0x0000000020013038                _noinit = .
 *(.noinit .noinit.*)
                0x0000000020013038                . = ALIGN (0x4)
                0x0000000020013038                _end_noinit = .
                [!provide]                        PROVIDE (end = _end_noinit)
                [!provide]                        PROVIDE (_end = _end_noinit)
                [!provide]                        PROVIDE (__end = _end_noinit)
                [!provide]                        PROVIDE (__end__ = _end_noinit)

._check_stack   0x0000000020013038      0x100
                0x0000000020013138                . = (. + _Minimum_Stack_Size)
 *fill*         0x0000000020013038      0x100 

.b1text
 *(.b1text)
 *(.b1rodata)
 *(.b1rodata.*)

.eb0text
 *(.eb0text)
 *(.eb0rodata)
 *(.eb0rodata.*)

.eb1text
 *(.eb1text)
 *(.eb1rodata)
 *(.eb1rodata.*)

.eb2text
 *(.eb2text)
 *(.eb2rodata)
 *(.eb2rodata.*)

.eb3text
 *(.eb3text)
 *(.eb3rodata)
 *(.eb3rodata.*)

.stab
 *(.stab)

.stabstr
 *(.stabstr)

.stab.excl
 *(.stab.excl)

.stab.exclstr
 *(.stab.exclstr)

.stab.index
 *(.stab.index)

.stab.indexstr
 *(.stab.indexstr)

.comment        0x0000000000000000       0x44
 *(.comment)
 .comment       0x0000000000000000       0x44 ./system/src/stm32f4-hal/stm32f4xx_hal.o
                                         0x45 (size before relaxing)
 .comment       0x0000000000000044       0x45 ./system/src/stm32f4-hal/stm32f4xx_hal_cortex.o
 .comment       0x0000000000000044       0x45 ./system/src/stm32f4-hal/stm32f4xx_hal_rcc.o
 .comment       0x0000000000000044       0x45 ./system/src/newlib/sbrk.o
 .comment       0x0000000000000044       0x45 ./system/src/newlib/startup.o
 .comment       0x0000000000000044       0x45 ./system/src/newlib/syscalls.o
 .comment       0x0000000000000044       0x45 ./system/src/diag/trace-impl.o
 .comment       0x0000000000000044       0x45 ./system/src/diag/trace.o
 .comment       0x0000000000000044       0x45 ./system/src/cortexm/exception-handlers.o
 .comment       0x0000000000000044       0x45 ./system/src/cortexm/initialize-hardware.o
 .comment       0x0000000000000044       0x45 ./system/src/cmsis/system_stm32f4xx.o
 .comment       0x0000000000000044       0x45 ./system/src/cmsis/vectors_stm32f407xx.o
 .comment       0x0000000000000044       0x45 ./src/initialize-hardware.o
 .comment       0x0000000000000044       0x45 ./src/main_new.o
 .comment       0x0000000000000044       0x45 ./src/stm32f4xx_hal_msp.o
 .comment       0x0000000000000044       0x45 ./FreeRTOS Source/portable/MemMang/heap_4.o
 .comment       0x0000000000000044       0x45 ./FreeRTOS Source/portable/GCC/ARM_CM4F/port.o
 .comment       0x0000000000000044       0x45 ./FreeRTOS Source/list.o
 .comment       0x0000000000000044       0x45 ./FreeRTOS Source/queue.o
 .comment       0x0000000000000044       0x45 ./FreeRTOS Source/tasks.o
 .comment       0x0000000000000044       0x45 ./FreeRTOS Source/timers.o

.ARM.attributes
                0x0000000000000000       0x30
 .ARM.attributes
                0x0000000000000000       0x32 ./system/src/stm32f4-hal/stm32f4xx_hal.o
 .ARM.attributes
                0x0000000000000032       0x32 ./system/src/stm32f4-hal/stm32f4xx_hal_cortex.o
 .ARM.attributes
                0x0000000000000064       0x32 ./system/src/stm32f4-hal/stm32f4xx_hal_rcc.o
 .ARM.attributes
                0x0000000000000096       0x32 ./system/src/newlib/sbrk.o
 .ARM.attributes
                0x00000000000000c8       0x32 ./system/src/newlib/startup.o
 .ARM.attributes
                0x00000000000000fa       0x32 ./system/src/newlib/syscalls.o
 .ARM.attributes
                0x000000000000012c       0x32 ./system/src/diag/trace-impl.o
 .ARM.attributes
                0x000000000000015e       0x32 ./system/src/diag/trace.o
 .ARM.attributes
                0x0000000000000190       0x32 ./system/src/cortexm/exception-handlers.o
 .ARM.attributes
                0x00000000000001c2       0x32 ./system/src/cortexm/initialize-hardware.o
 .ARM.attributes
                0x00000000000001f4       0x32 ./system/src/cmsis/system_stm32f4xx.o
 .ARM.attributes
                0x0000000000000226       0x32 ./system/src/cmsis/vectors_stm32f407xx.o
 .ARM.attributes
                0x0000000000000258       0x32 ./src/initialize-hardware.o
 .ARM.attributes
                0x000000000000028a       0x32 ./src/main_new.o
 .ARM.attributes
                0x00000000000002bc       0x32 ./src/stm32f4xx_hal_msp.o
 .ARM.attributes
                0x00000000000002ee       0x32 ./FreeRTOS Source/portable/MemMang/heap_4.o
 .ARM.attributes
                0x0000000000000320       0x32 ./FreeRTOS Source/portable/GCC/ARM_CM4F/port.o
 .ARM.attributes
                0x0000000000000352       0x32 ./FreeRTOS Source/list.o
 .ARM.attributes
                0x0000000000000384       0x32 ./FreeRTOS Source/queue.o
 .ARM.attributes
                0x00000000000003b6       0x32 ./FreeRTOS Source/tasks.o
 .ARM.attributes
                0x00000000000003e8       0x32 ./FreeRTOS Source/timers.o
 .ARM.attributes
                0x000000000000041a       0x1e c:/users/egypt_laptop/appdata/roaming/xpacks/@xpack-dev-tools/arm-none-eabi-gcc/10.2.1-1.1.2/.content/bin/../lib/gcc/arm-none-eabi/10.2.1/thumb/v7e-m+fp/softfp\libgcc.a(_aeabi_uldivmod.o)
 .ARM.attributes
                0x0000000000000438       0x32 c:/users/egypt_laptop/appdata/roaming/xpacks/@xpack-dev-tools/arm-none-eabi-gcc/10.2.1-1.1.2/.content/bin/../lib/gcc/arm-none-eabi/10.2.1/thumb/v7e-m+fp/softfp\libgcc.a(_udivmoddi4.o)
 .ARM.attributes
                0x000000000000046a       0x1e c:/users/egypt_laptop/appdata/roaming/xpacks/@xpack-dev-tools/arm-none-eabi-gcc/10.2.1-1.1.2/.content/bin/../lib/gcc/arm-none-eabi/10.2.1/thumb/v7e-m+fp/softfp\libgcc.a(_dvmd_tls.o)
 .ARM.attributes
                0x0000000000000488       0x30 c:/users/egypt_laptop/appdata/roaming/xpacks/@xpack-dev-tools/arm-none-eabi-gcc/10.2.1-1.1.2/.content/bin/../lib/gcc/arm-none-eabi/10.2.1/../../../../arm-none-eabi/lib/thumb/v7e-m+fp/softfp\libg_nano.a(lib_a-ctype_.o)
 .ARM.attributes
                0x00000000000004b8       0x32 c:/users/egypt_laptop/appdata/roaming/xpacks/@xpack-dev-tools/arm-none-eabi-gcc/10.2.1-1.1.2/.content/bin/../lib/gcc/arm-none-eabi/10.2.1/../../../../arm-none-eabi/lib/thumb/v7e-m+fp/softfp\libg_nano.a(lib_a-errno.o)
 .ARM.attributes
                0x00000000000004ea       0x32 c:/users/egypt_laptop/appdata/roaming/xpacks/@xpack-dev-tools/arm-none-eabi-gcc/10.2.1-1.1.2/.content/bin/../lib/gcc/arm-none-eabi/10.2.1/../../../../arm-none-eabi/lib/thumb/v7e-m+fp/softfp\libg_nano.a(lib_a-findfp.o)
 .ARM.attributes
                0x000000000000051c       0x30 c:/users/egypt_laptop/appdata/roaming/xpacks/@xpack-dev-tools/arm-none-eabi-gcc/10.2.1-1.1.2/.content/bin/../lib/gcc/arm-none-eabi/10.2.1/../../../../arm-none-eabi/lib/thumb/v7e-m+fp/softfp\libg_nano.a(lib_a-impure.o)
 .ARM.attributes
                0x000000000000054c       0x32 c:/users/egypt_laptop/appdata/roaming/xpacks/@xpack-dev-tools/arm-none-eabi-gcc/10.2.1-1.1.2/.content/bin/../lib/gcc/arm-none-eabi/10.2.1/../../../../arm-none-eabi/lib/thumb/v7e-m+fp/softfp\libg_nano.a(lib_a-lock.o)
 .ARM.attributes
                0x000000000000057e       0x32 c:/users/egypt_laptop/appdata/roaming/xpacks/@xpack-dev-tools/arm-none-eabi-gcc/10.2.1-1.1.2/.content/bin/../lib/gcc/arm-none-eabi/10.2.1/../../../../arm-none-eabi/lib/thumb/v7e-m+fp/softfp\libg_nano.a(lib_a-memcpy-stub.o)
 .ARM.attributes
                0x00000000000005b0       0x32 c:/users/egypt_laptop/appdata/roaming/xpacks/@xpack-dev-tools/arm-none-eabi-gcc/10.2.1-1.1.2/.content/bin/../lib/gcc/arm-none-eabi/10.2.1/../../../../arm-none-eabi/lib/thumb/v7e-m+fp/softfp\libg_nano.a(lib_a-memset.o)
 .ARM.attributes
                0x00000000000005e2       0x32 c:/users/egypt_laptop/appdata/roaming/xpacks/@xpack-dev-tools/arm-none-eabi-gcc/10.2.1-1.1.2/.content/bin/../lib/gcc/arm-none-eabi/10.2.1/../../../../arm-none-eabi/lib/thumb/v7e-m+fp/softfp\libg_nano.a(lib_a-nano-mallocr.o)
 .ARM.attributes
                0x0000000000000614       0x32 c:/users/egypt_laptop/appdata/roaming/xpacks/@xpack-dev-tools/arm-none-eabi-gcc/10.2.1-1.1.2/.content/bin/../lib/gcc/arm-none-eabi/10.2.1/../../../../arm-none-eabi/lib/thumb/v7e-m+fp/softfp\libg_nano.a(lib_a-sbrkr.o)
 .ARM.attributes
                0x0000000000000646       0x1c c:/users/egypt_laptop/appdata/roaming/xpacks/@xpack-dev-tools/arm-none-eabi-gcc/10.2.1-1.1.2/.content/bin/../lib/gcc/arm-none-eabi/10.2.1/../../../../arm-none-eabi/lib/thumb/v7e-m+fp/softfp\libg_nano.a(lib_a-strcmp.o)
 .ARM.attributes
                0x0000000000000662       0x17 c:/users/egypt_laptop/appdata/roaming/xpacks/@xpack-dev-tools/arm-none-eabi-gcc/10.2.1-1.1.2/.content/bin/../lib/gcc/arm-none-eabi/10.2.1/../../../../arm-none-eabi/lib/thumb/v7e-m+fp/softfp\libg_nano.a(lib_a-strlen.o)
 .ARM.attributes
                0x0000000000000679       0x32 c:/users/egypt_laptop/appdata/roaming/xpacks/@xpack-dev-tools/arm-none-eabi-gcc/10.2.1-1.1.2/.content/bin/../lib/gcc/arm-none-eabi/10.2.1/../../../../arm-none-eabi/lib/thumb/v7e-m+fp/softfp\libg_nano.a(lib_a-vsnprintf.o)
 .ARM.attributes
                0x00000000000006ab       0x32 c:/users/egypt_laptop/appdata/roaming/xpacks/@xpack-dev-tools/arm-none-eabi-gcc/10.2.1-1.1.2/.content/bin/../lib/gcc/arm-none-eabi/10.2.1/../../../../arm-none-eabi/lib/thumb/v7e-m+fp/softfp\libg_nano.a(lib_a-mlock.o)
 .ARM.attributes
                0x00000000000006dd       0x32 c:/users/egypt_laptop/appdata/roaming/xpacks/@xpack-dev-tools/arm-none-eabi-gcc/10.2.1-1.1.2/.content/bin/../lib/gcc/arm-none-eabi/10.2.1/../../../../arm-none-eabi/lib/thumb/v7e-m+fp/softfp\libg_nano.a(lib_a-nano-freer.o)
 .ARM.attributes
                0x000000000000070f       0x32 c:/users/egypt_laptop/appdata/roaming/xpacks/@xpack-dev-tools/arm-none-eabi-gcc/10.2.1-1.1.2/.content/bin/../lib/gcc/arm-none-eabi/10.2.1/../../../../arm-none-eabi/lib/thumb/v7e-m+fp/softfp\libg_nano.a(lib_a-nano-svfprintf.o)
 .ARM.attributes
                0x0000000000000741       0x32 c:/users/egypt_laptop/appdata/roaming/xpacks/@xpack-dev-tools/arm-none-eabi-gcc/10.2.1-1.1.2/.content/bin/../lib/gcc/arm-none-eabi/10.2.1/../../../../arm-none-eabi/lib/thumb/v7e-m+fp/softfp\libg_nano.a(lib_a-nano-vfprintf_i.o)
 .ARM.attributes
                0x0000000000000773       0x1c c:/users/egypt_laptop/appdata/roaming/xpacks/@xpack-dev-tools/arm-none-eabi-gcc/10.2.1-1.1.2/.content/bin/../lib/gcc/arm-none-eabi/10.2.1/../../../../arm-none-eabi/lib/thumb/v7e-m+fp/softfp\libg_nano.a(lib_a-memchr.o)
 .ARM.attributes
                0x000000000000078f       0x32 c:/users/egypt_laptop/appdata/roaming/xpacks/@xpack-dev-tools/arm-none-eabi-gcc/10.2.1-1.1.2/.content/bin/../lib/gcc/arm-none-eabi/10.2.1/../../../../arm-none-eabi/lib/thumb/v7e-m+fp/softfp\libg_nano.a(lib_a-memmove.o)
 .ARM.attributes
                0x00000000000007c1       0x32 c:/users/egypt_laptop/appdata/roaming/xpacks/@xpack-dev-tools/arm-none-eabi-gcc/10.2.1-1.1.2/.content/bin/../lib/gcc/arm-none-eabi/10.2.1/../../../../arm-none-eabi/lib/thumb/v7e-m+fp/softfp\libg_nano.a(lib_a-nano-reallocr.o)
 .ARM.attributes
                0x00000000000007f3       0x32 c:/users/egypt_laptop/appdata/roaming/xpacks/@xpack-dev-tools/arm-none-eabi-gcc/10.2.1-1.1.2/.content/bin/../lib/gcc/arm-none-eabi/10.2.1/../../../../arm-none-eabi/lib/thumb/v7e-m+fp/softfp\libg_nano.a(lib_a-nano-msizer.o)

.debug
 *(.debug)

.line
 *(.line)

.debug_srcinfo
 *(.debug_srcinfo)

.debug_sfnames
 *(.debug_sfnames)

.debug_aranges  0x0000000000000000      0xa98
 *(.debug_aranges)
 .debug_aranges
                0x0000000000000000       0xf0 ./system/src/stm32f4-hal/stm32f4xx_hal.o
 .debug_aranges
                0x00000000000000f0       0xa8 ./system/src/stm32f4-hal/stm32f4xx_hal_cortex.o
 .debug_aranges
                0x0000000000000198       0x88 ./system/src/stm32f4-hal/stm32f4xx_hal_rcc.o
 .debug_aranges
                0x0000000000000220       0x20 ./system/src/newlib/sbrk.o
 .debug_aranges
                0x0000000000000240       0x40 ./system/src/newlib/startup.o
 .debug_aranges
                0x0000000000000280      0x120 ./system/src/newlib/syscalls.o
 .debug_aranges
                0x00000000000003a0       0x30 ./system/src/diag/trace-impl.o
 .debug_aranges
                0x00000000000003d0       0x38 ./system/src/diag/trace.o
 .debug_aranges
                0x0000000000000408       0x90 ./system/src/cortexm/exception-handlers.o
 .debug_aranges
                0x0000000000000498       0x28 ./system/src/cortexm/initialize-hardware.o
 .debug_aranges
                0x00000000000004c0       0x28 ./system/src/cmsis/system_stm32f4xx.o
 .debug_aranges
                0x00000000000004e8       0x20 ./system/src/cmsis/vectors_stm32f407xx.o
 .debug_aranges
                0x0000000000000508       0x30 ./src/initialize-hardware.o
 .debug_aranges
                0x0000000000000538       0x78 ./src/main_new.o
 .debug_aranges
                0x00000000000005b0       0x38 ./src/stm32f4xx_hal_msp.o
 .debug_aranges
                0x00000000000005e8       0x50 ./FreeRTOS Source/portable/MemMang/heap_4.o
 .debug_aranges
                0x0000000000000638       0x78 ./FreeRTOS Source/portable/GCC/ARM_CM4F/port.o
 .debug_aranges
                0x00000000000006b0       0x40 ./FreeRTOS Source/list.o
 .debug_aranges
                0x00000000000006f0      0x118 ./FreeRTOS Source/queue.o
 .debug_aranges
                0x0000000000000808      0x1d8 ./FreeRTOS Source/tasks.o
 .debug_aranges
                0x00000000000009e0       0xb8 ./FreeRTOS Source/timers.o

.debug_pubnames
 *(.debug_pubnames)

.debug_info     0x0000000000000000     0xe740
 *(.debug_info .gnu.linkonce.wi.*)
 .debug_info    0x0000000000000000      0xa37 ./system/src/stm32f4-hal/stm32f4xx_hal.o
 .debug_info    0x0000000000000a37     0x1340 ./system/src/stm32f4-hal/stm32f4xx_hal_cortex.o
 .debug_info    0x0000000000001d77      0xda2 ./system/src/stm32f4-hal/stm32f4xx_hal_rcc.o
 .debug_info    0x0000000000002b19      0x112 ./system/src/newlib/sbrk.o
 .debug_info    0x0000000000002c2b      0x57f ./system/src/newlib/startup.o
 .debug_info    0x00000000000031aa     0x22f4 ./system/src/newlib/syscalls.o
 .debug_info    0x000000000000549e      0x320 ./system/src/diag/trace-impl.o
 .debug_info    0x00000000000057be      0x30b ./system/src/diag/trace.o
 .debug_info    0x0000000000005ac9      0xa4f ./system/src/cortexm/exception-handlers.o
 .debug_info    0x0000000000006518      0x2cb ./system/src/cortexm/initialize-hardware.o
 .debug_info    0x00000000000067e3      0x53c ./system/src/cmsis/system_stm32f4xx.o
 .debug_info    0x0000000000006d1f       0xce ./system/src/cmsis/vectors_stm32f407xx.o
 .debug_info    0x0000000000006ded      0x59b ./src/initialize-hardware.o
 .debug_info    0x0000000000007388      0xb10 ./src/main_new.o
 .debug_info    0x0000000000007e98       0xbf ./src/stm32f4xx_hal_msp.o
 .debug_info    0x0000000000007f57      0x4c8 ./FreeRTOS Source/portable/MemMang/heap_4.o
 .debug_info    0x000000000000841f      0x534 ./FreeRTOS Source/portable/GCC/ARM_CM4F/port.o
 .debug_info    0x0000000000008953      0x2d9 ./FreeRTOS Source/list.o
 .debug_info    0x0000000000008c2c     0x1cfd ./FreeRTOS Source/queue.o
 .debug_info    0x000000000000a929     0x2c5c ./FreeRTOS Source/tasks.o
 .debug_info    0x000000000000d585     0x11bb ./FreeRTOS Source/timers.o

.debug_abbrev   0x0000000000000000     0x2a7b
 *(.debug_abbrev)
 .debug_abbrev  0x0000000000000000      0x209 ./system/src/stm32f4-hal/stm32f4xx_hal.o
 .debug_abbrev  0x0000000000000209      0x38a ./system/src/stm32f4-hal/stm32f4xx_hal_cortex.o
 .debug_abbrev  0x0000000000000593      0x2a0 ./system/src/stm32f4-hal/stm32f4xx_hal_rcc.o
 .debug_abbrev  0x0000000000000833       0xcd ./system/src/newlib/sbrk.o
 .debug_abbrev  0x0000000000000900      0x1fa ./system/src/newlib/startup.o
 .debug_abbrev  0x0000000000000afa      0x499 ./system/src/newlib/syscalls.o
 .debug_abbrev  0x0000000000000f93      0x1eb ./system/src/diag/trace-impl.o
 .debug_abbrev  0x000000000000117e      0x173 ./system/src/diag/trace.o
 .debug_abbrev  0x00000000000012f1      0x2ba ./system/src/cortexm/exception-handlers.o
 .debug_abbrev  0x00000000000015ab       0xe9 ./system/src/cortexm/initialize-hardware.o
 .debug_abbrev  0x0000000000001694      0x11c ./system/src/cmsis/system_stm32f4xx.o
 .debug_abbrev  0x00000000000017b0       0xa5 ./system/src/cmsis/vectors_stm32f407xx.o
 .debug_abbrev  0x0000000000001855      0x170 ./src/initialize-hardware.o
 .debug_abbrev  0x00000000000019c5      0x265 ./src/main_new.o
 .debug_abbrev  0x0000000000001c2a       0x47 ./src/stm32f4xx_hal_msp.o
 .debug_abbrev  0x0000000000001c71      0x259 ./FreeRTOS Source/portable/MemMang/heap_4.o
 .debug_abbrev  0x0000000000001eca      0x239 ./FreeRTOS Source/portable/GCC/ARM_CM4F/port.o
 .debug_abbrev  0x0000000000002103      0x102 ./FreeRTOS Source/list.o
 .debug_abbrev  0x0000000000002205      0x2e4 ./FreeRTOS Source/queue.o
 .debug_abbrev  0x00000000000024e9      0x35c ./FreeRTOS Source/tasks.o
 .debug_abbrev  0x0000000000002845      0x236 ./FreeRTOS Source/timers.o

.debug_line     0x0000000000000000    0x11792
 *(.debug_line)
 .debug_line    0x0000000000000000      0xdb6 ./system/src/stm32f4-hal/stm32f4xx_hal.o
 .debug_line    0x0000000000000db6     0x10fe ./system/src/stm32f4-hal/stm32f4xx_hal_cortex.o
 .debug_line    0x0000000000001eb4     0x1499 ./system/src/stm32f4-hal/stm32f4xx_hal_rcc.o
 .debug_line    0x000000000000334d      0x413 ./system/src/newlib/sbrk.o
 .debug_line    0x0000000000003760      0x708 ./system/src/newlib/startup.o
 .debug_line    0x0000000000003e68     0x11e0 ./system/src/newlib/syscalls.o
 .debug_line    0x0000000000005048      0xc67 ./system/src/diag/trace-impl.o
 .debug_line    0x0000000000005caf      0x506 ./system/src/diag/trace.o
 .debug_line    0x00000000000061b5      0xfd5 ./system/src/cortexm/exception-handlers.o
 .debug_line    0x000000000000718a      0xa7e ./system/src/cortexm/initialize-hardware.o
 .debug_line    0x0000000000007c08      0xb10 ./system/src/cmsis/system_stm32f4xx.o
 .debug_line    0x0000000000008718      0x316 ./system/src/cmsis/vectors_stm32f407xx.o
 .debug_line    0x0000000000008a2e      0xc2b ./src/initialize-hardware.o
 .debug_line    0x0000000000009659      0x93d ./src/main_new.o
 .debug_line    0x0000000000009f96      0xa6e ./src/stm32f4xx_hal_msp.o
 .debug_line    0x000000000000aa04      0x9af ./FreeRTOS Source/portable/MemMang/heap_4.o
 .debug_line    0x000000000000b3b3      0x910 ./FreeRTOS Source/portable/GCC/ARM_CM4F/port.o
 .debug_line    0x000000000000bcc3      0x69c ./FreeRTOS Source/list.o
 .debug_line    0x000000000000c35f     0x1b80 ./FreeRTOS Source/queue.o
 .debug_line    0x000000000000dedf     0x2a60 ./FreeRTOS Source/tasks.o
 .debug_line    0x000000000001093f      0xe53 ./FreeRTOS Source/timers.o

.debug_frame    0x0000000000000000     0x213c
 *(.debug_frame)
 .debug_frame   0x0000000000000000      0x1f0 ./system/src/stm32f4-hal/stm32f4xx_hal.o
 .debug_frame   0x00000000000001f0      0x19c ./system/src/stm32f4-hal/stm32f4xx_hal_cortex.o
 .debug_frame   0x000000000000038c      0x16c ./system/src/stm32f4-hal/stm32f4xx_hal_rcc.o
 .debug_frame   0x00000000000004f8       0x28 ./system/src/newlib/sbrk.o
 .debug_frame   0x0000000000000520       0x7c ./system/src/newlib/startup.o
 .debug_frame   0x000000000000059c      0x3d8 ./system/src/newlib/syscalls.o
 .debug_frame   0x0000000000000974       0x64 ./system/src/diag/trace-impl.o
 .debug_frame   0x00000000000009d8       0x94 ./system/src/diag/trace.o
 .debug_frame   0x0000000000000a6c      0x164 ./system/src/cortexm/exception-handlers.o
 .debug_frame   0x0000000000000bd0       0x40 ./system/src/cortexm/initialize-hardware.o
 .debug_frame   0x0000000000000c10       0x30 ./system/src/cmsis/system_stm32f4xx.o
 .debug_frame   0x0000000000000c40       0x20 ./system/src/cmsis/vectors_stm32f407xx.o
 .debug_frame   0x0000000000000c60       0x60 ./src/initialize-hardware.o
 .debug_frame   0x0000000000000cc0      0x130 ./src/main_new.o
 .debug_frame   0x0000000000000df0       0x50 ./src/stm32f4xx_hal_msp.o
 .debug_frame   0x0000000000000e40       0xb0 ./FreeRTOS Source/portable/MemMang/heap_4.o
 .debug_frame   0x0000000000000ef0       0xf0 ./FreeRTOS Source/portable/GCC/ARM_CM4F/port.o
 .debug_frame   0x0000000000000fe0       0x70 ./FreeRTOS Source/list.o
 .debug_frame   0x0000000000001050      0x378 ./FreeRTOS Source/queue.o
 .debug_frame   0x00000000000013c8      0x5d8 ./FreeRTOS Source/tasks.o
 .debug_frame   0x00000000000019a0      0x234 ./FreeRTOS Source/timers.o
 .debug_frame   0x0000000000001bd4       0x2c c:/users/egypt_laptop/appdata/roaming/xpacks/@xpack-dev-tools/arm-none-eabi-gcc/10.2.1-1.1.2/.content/bin/../lib/gcc/arm-none-eabi/10.2.1/thumb/v7e-m+fp/softfp\libgcc.a(_aeabi_uldivmod.o)
 .debug_frame   0x0000000000001c00       0x34 c:/users/egypt_laptop/appdata/roaming/xpacks/@xpack-dev-tools/arm-none-eabi-gcc/10.2.1-1.1.2/.content/bin/../lib/gcc/arm-none-eabi/10.2.1/thumb/v7e-m+fp/softfp\libgcc.a(_udivmoddi4.o)
 .debug_frame   0x0000000000001c34       0x20 c:/users/egypt_laptop/appdata/roaming/xpacks/@xpack-dev-tools/arm-none-eabi-gcc/10.2.1-1.1.2/.content/bin/../lib/gcc/arm-none-eabi/10.2.1/../../../../arm-none-eabi/lib/thumb/v7e-m+fp/softfp\libg_nano.a(lib_a-errno.o)
 .debug_frame   0x0000000000001c54      0x14c c:/users/egypt_laptop/appdata/roaming/xpacks/@xpack-dev-tools/arm-none-eabi-gcc/10.2.1-1.1.2/.content/bin/../lib/gcc/arm-none-eabi/10.2.1/../../../../arm-none-eabi/lib/thumb/v7e-m+fp/softfp\libg_nano.a(lib_a-findfp.o)
 .debug_frame   0x0000000000001da0       0xb0 c:/users/egypt_laptop/appdata/roaming/xpacks/@xpack-dev-tools/arm-none-eabi-gcc/10.2.1-1.1.2/.content/bin/../lib/gcc/arm-none-eabi/10.2.1/../../../../arm-none-eabi/lib/thumb/v7e-m+fp/softfp\libg_nano.a(lib_a-lock.o)
 .debug_frame   0x0000000000001e50       0x28 c:/users/egypt_laptop/appdata/roaming/xpacks/@xpack-dev-tools/arm-none-eabi-gcc/10.2.1-1.1.2/.content/bin/../lib/gcc/arm-none-eabi/10.2.1/../../../../arm-none-eabi/lib/thumb/v7e-m+fp/softfp\libg_nano.a(lib_a-memcpy-stub.o)
 .debug_frame   0x0000000000001e78       0x20 c:/users/egypt_laptop/appdata/roaming/xpacks/@xpack-dev-tools/arm-none-eabi-gcc/10.2.1-1.1.2/.content/bin/../lib/gcc/arm-none-eabi/10.2.1/../../../../arm-none-eabi/lib/thumb/v7e-m+fp/softfp\libg_nano.a(lib_a-memset.o)
 .debug_frame   0x0000000000001e98       0x30 c:/users/egypt_laptop/appdata/roaming/xpacks/@xpack-dev-tools/arm-none-eabi-gcc/10.2.1-1.1.2/.content/bin/../lib/gcc/arm-none-eabi/10.2.1/../../../../arm-none-eabi/lib/thumb/v7e-m+fp/softfp\libg_nano.a(lib_a-nano-mallocr.o)
 .debug_frame   0x0000000000001ec8       0x2c c:/users/egypt_laptop/appdata/roaming/xpacks/@xpack-dev-tools/arm-none-eabi-gcc/10.2.1-1.1.2/.content/bin/../lib/gcc/arm-none-eabi/10.2.1/../../../../arm-none-eabi/lib/thumb/v7e-m+fp/softfp\libg_nano.a(lib_a-sbrkr.o)
 .debug_frame   0x0000000000001ef4       0x20 c:/users/egypt_laptop/appdata/roaming/xpacks/@xpack-dev-tools/arm-none-eabi-gcc/10.2.1-1.1.2/.content/bin/../lib/gcc/arm-none-eabi/10.2.1/../../../../arm-none-eabi/lib/thumb/v7e-m+fp/softfp\libg_nano.a(lib_a-strcmp.o)
 .debug_frame   0x0000000000001f14       0x4c c:/users/egypt_laptop/appdata/roaming/xpacks/@xpack-dev-tools/arm-none-eabi-gcc/10.2.1-1.1.2/.content/bin/../lib/gcc/arm-none-eabi/10.2.1/../../../../arm-none-eabi/lib/thumb/v7e-m+fp/softfp\libg_nano.a(lib_a-vsnprintf.o)
 .debug_frame   0x0000000000001f60       0x30 c:/users/egypt_laptop/appdata/roaming/xpacks/@xpack-dev-tools/arm-none-eabi-gcc/10.2.1-1.1.2/.content/bin/../lib/gcc/arm-none-eabi/10.2.1/../../../../arm-none-eabi/lib/thumb/v7e-m+fp/softfp\libg_nano.a(lib_a-mlock.o)
 .debug_frame   0x0000000000001f90       0x38 c:/users/egypt_laptop/appdata/roaming/xpacks/@xpack-dev-tools/arm-none-eabi-gcc/10.2.1-1.1.2/.content/bin/../lib/gcc/arm-none-eabi/10.2.1/../../../../arm-none-eabi/lib/thumb/v7e-m+fp/softfp\libg_nano.a(lib_a-nano-freer.o)
 .debug_frame   0x0000000000001fc8       0x90 c:/users/egypt_laptop/appdata/roaming/xpacks/@xpack-dev-tools/arm-none-eabi-gcc/10.2.1-1.1.2/.content/bin/../lib/gcc/arm-none-eabi/10.2.1/../../../../arm-none-eabi/lib/thumb/v7e-m+fp/softfp\libg_nano.a(lib_a-nano-svfprintf.o)
 .debug_frame   0x0000000000002058       0x60 c:/users/egypt_laptop/appdata/roaming/xpacks/@xpack-dev-tools/arm-none-eabi-gcc/10.2.1-1.1.2/.content/bin/../lib/gcc/arm-none-eabi/10.2.1/../../../../arm-none-eabi/lib/thumb/v7e-m+fp/softfp\libg_nano.a(lib_a-nano-vfprintf_i.o)
 .debug_frame   0x00000000000020b8       0x28 c:/users/egypt_laptop/appdata/roaming/xpacks/@xpack-dev-tools/arm-none-eabi-gcc/10.2.1-1.1.2/.content/bin/../lib/gcc/arm-none-eabi/10.2.1/../../../../arm-none-eabi/lib/thumb/v7e-m+fp/softfp\libg_nano.a(lib_a-memmove.o)
 .debug_frame   0x00000000000020e0       0x3c c:/users/egypt_laptop/appdata/roaming/xpacks/@xpack-dev-tools/arm-none-eabi-gcc/10.2.1-1.1.2/.content/bin/../lib/gcc/arm-none-eabi/10.2.1/../../../../arm-none-eabi/lib/thumb/v7e-m+fp/softfp\libg_nano.a(lib_a-nano-reallocr.o)
 .debug_frame   0x000000000000211c       0x20 c:/users/egypt_laptop/appdata/roaming/xpacks/@xpack-dev-tools/arm-none-eabi-gcc/10.2.1-1.1.2/.content/bin/../lib/gcc/arm-none-eabi/10.2.1/../../../../arm-none-eabi/lib/thumb/v7e-m+fp/softfp\libg_nano.a(lib_a-nano-msizer.o)

.debug_str      0x0000000000000000    0xff3a9
 *(.debug_str)
 .debug_str     0x0000000000000000    0xeebe2 ./system/src/stm32f4-hal/stm32f4xx_hal.o
                                      0xeef77 (size before relaxing)
 .debug_str     0x00000000000eebe2      0x3ac ./system/src/stm32f4-hal/stm32f4xx_hal_cortex.o
                                      0xeecb6 (size before relaxing)
 .debug_str     0x00000000000eef8e      0x41f ./system/src/stm32f4-hal/stm32f4xx_hal_rcc.o
                                      0xee830 (size before relaxing)
 .debug_str     0x00000000000ef3ad     0x3418 ./system/src/newlib/sbrk.o
                                       0x6b64 (size before relaxing)
 .debug_str     0x00000000000f27c5      0x2cb ./system/src/newlib/startup.o
                                       0x638e (size before relaxing)
 .debug_str     0x00000000000f2a90     0x3f8b ./system/src/newlib/syscalls.o
                                       0xb5db (size before relaxing)
 .debug_str     0x00000000000f6a1b       0xbd ./system/src/diag/trace-impl.o
                                      0xf1647 (size before relaxing)
 .debug_str     0x00000000000f6ad8      0x162 ./system/src/diag/trace.o
                                       0x7f0a (size before relaxing)
 .debug_str     0x00000000000f6c3a      0x1b1 ./system/src/cortexm/exception-handlers.o
                                      0xf283d (size before relaxing)
 .debug_str     0x00000000000f6deb       0x5d ./system/src/cortexm/initialize-hardware.o
                                      0xee316 (size before relaxing)
 .debug_str     0x00000000000f6e48       0x46 ./system/src/cmsis/system_stm32f4xx.o
                                      0xee404 (size before relaxing)
 .debug_str     0x00000000000f6e8e       0x59 ./system/src/cmsis/vectors_stm32f407xx.o
                                       0x3d09 (size before relaxing)
 .debug_str     0x00000000000f6ee7       0x30 ./src/initialize-hardware.o
                                      0xf15e1 (size before relaxing)
 .debug_str     0x00000000000f6f17     0x58fd ./src/main_new.o
                                       0xe0d5 (size before relaxing)
 .debug_str     0x00000000000fc814       0x3d ./src/stm32f4xx_hal_msp.o
                                      0xee241 (size before relaxing)
 .debug_str     0x00000000000fc851      0x2bf ./FreeRTOS Source/portable/MemMang/heap_4.o
                                       0xa13f (size before relaxing)
 .debug_str     0x00000000000fcb10      0x814 ./FreeRTOS Source/portable/GCC/ARM_CM4F/port.o
                                       0x7e4a (size before relaxing)
 .debug_str     0x00000000000fd324      0x125 ./FreeRTOS Source/list.o
                                       0x99e2 (size before relaxing)
 .debug_str     0x00000000000fd449      0x859 ./FreeRTOS Source/queue.o
                                       0xb16b (size before relaxing)
 .debug_str     0x00000000000fdca2     0x132c ./FreeRTOS Source/tasks.o
                                       0xbeea (size before relaxing)
 .debug_str     0x00000000000fefce      0x3db ./FreeRTOS Source/timers.o
                                       0xb547 (size before relaxing)

.debug_loc      0x0000000000000000     0x7a8f
 *(.debug_loc)
 .debug_loc     0x0000000000000000      0x130 ./system/src/stm32f4-hal/stm32f4xx_hal.o
 .debug_loc     0x0000000000000130      0x92e ./system/src/stm32f4-hal/stm32f4xx_hal_cortex.o
 .debug_loc     0x0000000000000a5e      0x56f ./system/src/stm32f4-hal/stm32f4xx_hal_rcc.o
 .debug_loc     0x0000000000000fcd       0x97 ./system/src/newlib/sbrk.o
 .debug_loc     0x0000000000001064      0x49b ./system/src/newlib/startup.o
 .debug_loc     0x00000000000014ff     0x1427 ./system/src/newlib/syscalls.o
 .debug_loc     0x0000000000002926      0x194 ./system/src/diag/trace-impl.o
 .debug_loc     0x0000000000002aba      0x118 ./system/src/diag/trace.o
 .debug_loc     0x0000000000002bd2      0x524 ./system/src/cortexm/exception-handlers.o
 .debug_loc     0x00000000000030f6      0x158 ./system/src/cmsis/system_stm32f4xx.o
 .debug_loc     0x000000000000324e       0x64 ./src/initialize-hardware.o
 .debug_loc     0x00000000000032b2      0x108 ./src/main_new.o
 .debug_loc     0x00000000000033ba      0x319 ./FreeRTOS Source/portable/MemMang/heap_4.o
 .debug_loc     0x00000000000036d3      0x124 ./FreeRTOS Source/portable/GCC/ARM_CM4F/port.o
 .debug_loc     0x00000000000037f7       0xad ./FreeRTOS Source/list.o
 .debug_loc     0x00000000000038a4     0x143c ./FreeRTOS Source/queue.o
 .debug_loc     0x0000000000004ce0     0x2185 ./FreeRTOS Source/tasks.o
 .debug_loc     0x0000000000006e65      0xc2a ./FreeRTOS Source/timers.o

.debug_macinfo
 *(.debug_macinfo)

.debug_weaknames
 *(.debug_weaknames)

.debug_funcnames
 *(.debug_funcnames)

.debug_typenames
 *(.debug_typenames)

.debug_varnames
 *(.debug_varnames)
OUTPUT(Demo.elf elf32-littlearm)
LOAD linker stubs

.debug_ranges   0x0000000000000000      0xc08
 .debug_ranges  0x0000000000000000       0xe0 ./system/src/stm32f4-hal/stm32f4xx_hal.o
 .debug_ranges  0x00000000000000e0      0x128 ./system/src/stm32f4-hal/stm32f4xx_hal_cortex.o
 .debug_ranges  0x0000000000000208       0x90 ./system/src/stm32f4-hal/stm32f4xx_hal_rcc.o
 .debug_ranges  0x0000000000000298       0x10 ./system/src/newlib/sbrk.o
 .debug_ranges  0x00000000000002a8       0x78 ./system/src/newlib/startup.o
 .debug_ranges  0x0000000000000320      0x128 ./system/src/newlib/syscalls.o
 .debug_ranges  0x0000000000000448       0x38 ./system/src/diag/trace-impl.o
 .debug_ranges  0x0000000000000480       0x28 ./system/src/diag/trace.o
 .debug_ranges  0x00000000000004a8       0x80 ./system/src/cortexm/exception-handlers.o
 .debug_ranges  0x0000000000000528       0x18 ./system/src/cortexm/initialize-hardware.o
 .debug_ranges  0x0000000000000540       0x18 ./system/src/cmsis/system_stm32f4xx.o
 .debug_ranges  0x0000000000000558       0x10 ./system/src/cmsis/vectors_stm32f407xx.o
 .debug_ranges  0x0000000000000568       0x20 ./src/initialize-hardware.o
 .debug_ranges  0x0000000000000588       0x68 ./src/main_new.o
 .debug_ranges  0x00000000000005f0       0x28 ./src/stm32f4xx_hal_msp.o
 .debug_ranges  0x0000000000000618       0x40 ./FreeRTOS Source/portable/MemMang/heap_4.o
 .debug_ranges  0x0000000000000658       0x80 ./FreeRTOS Source/portable/GCC/ARM_CM4F/port.o
 .debug_ranges  0x00000000000006d8       0x30 ./FreeRTOS Source/list.o
 .debug_ranges  0x0000000000000708      0x180 ./FreeRTOS Source/queue.o
 .debug_ranges  0x0000000000000888      0x2d8 ./FreeRTOS Source/tasks.o
 .debug_ranges  0x0000000000000b60       0xa8 ./FreeRTOS Source/timers.o

.debug_macro    0x0000000000000000    0x29ab0
 .debug_macro   0x0000000000000000      0x44c ./system/src/stm32f4-hal/stm32f4xx_hal.o
 .debug_macro   0x000000000000044c      0xa90 ./system/src/stm32f4-hal/stm32f4xx_hal.o
 .debug_macro   0x0000000000000edc      0x3a2 ./system/src/stm32f4-hal/stm32f4xx_hal.o
 .debug_macro   0x000000000000127e       0x2e ./system/src/stm32f4-hal/stm32f4xx_hal.o
 .debug_macro   0x00000000000012ac       0x2f ./system/src/stm32f4-hal/stm32f4xx_hal.o
 .debug_macro   0x00000000000012db       0x22 ./system/src/stm32f4-hal/stm32f4xx_hal.o
 .debug_macro   0x00000000000012fd       0x8e ./system/src/stm32f4-hal/stm32f4xx_hal.o
 .debug_macro   0x000000000000138b       0x51 ./system/src/stm32f4-hal/stm32f4xx_hal.o
 .debug_macro   0x00000000000013dc      0x103 ./system/src/stm32f4-hal/stm32f4xx_hal.o
 .debug_macro   0x00000000000014df       0x6a ./system/src/stm32f4-hal/stm32f4xx_hal.o
 .debug_macro   0x0000000000001549      0x1df ./system/src/stm32f4-hal/stm32f4xx_hal.o
 .debug_macro   0x0000000000001728       0x1c ./system/src/stm32f4-hal/stm32f4xx_hal.o
 .debug_macro   0x0000000000001744       0x22 ./system/src/stm32f4-hal/stm32f4xx_hal.o
 .debug_macro   0x0000000000001766       0xd9 ./system/src/stm32f4-hal/stm32f4xx_hal.o
 .debug_macro   0x000000000000183f     0x102d ./system/src/stm32f4-hal/stm32f4xx_hal.o
 .debug_macro   0x000000000000286c      0x11f ./system/src/stm32f4-hal/stm32f4xx_hal.o
 .debug_macro   0x000000000000298b    0x15e3c ./system/src/stm32f4-hal/stm32f4xx_hal.o
 .debug_macro   0x00000000000187c7       0x43 ./system/src/stm32f4-hal/stm32f4xx_hal.o
 .debug_macro   0x000000000001880a     0x3659 ./system/src/stm32f4-hal/stm32f4xx_hal.o
 .debug_macro   0x000000000001be63      0x174 ./system/src/stm32f4-hal/stm32f4xx_hal.o
 .debug_macro   0x000000000001bfd7       0x5a ./system/src/stm32f4-hal/stm32f4xx_hal.o
 .debug_macro   0x000000000001c031      0x96b ./system/src/stm32f4-hal/stm32f4xx_hal.o
 .debug_macro   0x000000000001c99c      0x9fe ./system/src/stm32f4-hal/stm32f4xx_hal.o
 .debug_macro   0x000000000001d39a      0x117 ./system/src/stm32f4-hal/stm32f4xx_hal.o
 .debug_macro   0x000000000001d4b1      0x13e ./system/src/stm32f4-hal/stm32f4xx_hal.o
 .debug_macro   0x000000000001d5ef       0x27 ./system/src/stm32f4-hal/stm32f4xx_hal.o
 .debug_macro   0x000000000001d616      0x174 ./system/src/stm32f4-hal/stm32f4xx_hal.o
 .debug_macro   0x000000000001d78a      0x287 ./system/src/stm32f4-hal/stm32f4xx_hal.o
 .debug_macro   0x000000000001da11       0x5f ./system/src/stm32f4-hal/stm32f4xx_hal.o
 .debug_macro   0x000000000001da70      0x236 ./system/src/stm32f4-hal/stm32f4xx_hal.o
 .debug_macro   0x000000000001dca6      0x391 ./system/src/stm32f4-hal/stm32f4xx_hal.o
 .debug_macro   0x000000000001e037      0x176 ./system/src/stm32f4-hal/stm32f4xx_hal.o
 .debug_macro   0x000000000001e1ad       0xf9 ./system/src/stm32f4-hal/stm32f4xx_hal.o
 .debug_macro   0x000000000001e2a6      0x40f ./system/src/stm32f4-hal/stm32f4xx_hal.o
 .debug_macro   0x000000000001e6b5       0x22 ./system/src/stm32f4-hal/stm32f4xx_hal.o
 .debug_macro   0x000000000001e6d7       0xea ./system/src/stm32f4-hal/stm32f4xx_hal.o
 .debug_macro   0x000000000001e7c1       0xa0 ./system/src/stm32f4-hal/stm32f4xx_hal.o
 .debug_macro   0x000000000001e861       0x3c ./system/src/stm32f4-hal/stm32f4xx_hal.o
 .debug_macro   0x000000000001e89d       0x1f ./system/src/stm32f4-hal/stm32f4xx_hal.o
 .debug_macro   0x000000000001e8bc      0x1d2 ./system/src/stm32f4-hal/stm32f4xx_hal.o
 .debug_macro   0x000000000001ea8e      0xccf ./system/src/stm32f4-hal/stm32f4xx_hal.o
 .debug_macro   0x000000000001f75d      0x12c ./system/src/stm32f4-hal/stm32f4xx_hal.o
 .debug_macro   0x000000000001f889      0x21e ./system/src/stm32f4-hal/stm32f4xx_hal.o
 .debug_macro   0x000000000001faa7       0x2e ./system/src/stm32f4-hal/stm32f4xx_hal.o
 .debug_macro   0x000000000001fad5      0x543 ./system/src/stm32f4-hal/stm32f4xx_hal.o
 .debug_macro   0x0000000000020018       0x88 ./system/src/stm32f4-hal/stm32f4xx_hal.o
 .debug_macro   0x00000000000200a0       0xea ./system/src/stm32f4-hal/stm32f4xx_hal.o
 .debug_macro   0x000000000002018a      0x184 ./system/src/stm32f4-hal/stm32f4xx_hal.o
 .debug_macro   0x000000000002030e      0x1b5 ./system/src/stm32f4-hal/stm32f4xx_hal.o
 .debug_macro   0x00000000000204c3       0xd6 ./system/src/stm32f4-hal/stm32f4xx_hal.o
 .debug_macro   0x0000000000020599      0x26b ./system/src/stm32f4-hal/stm32f4xx_hal.o
 .debug_macro   0x0000000000020804      0x1a7 ./system/src/stm32f4-hal/stm32f4xx_hal.o
 .debug_macro   0x00000000000209ab       0x46 ./system/src/stm32f4-hal/stm32f4xx_hal.o
 .debug_macro   0x00000000000209f1       0x4a ./system/src/stm32f4-hal/stm32f4xx_hal.o
 .debug_macro   0x0000000000020a3b       0x78 ./system/src/stm32f4-hal/stm32f4xx_hal.o
 .debug_macro   0x0000000000020ab3      0x11a ./system/src/stm32f4-hal/stm32f4xx_hal.o
 .debug_macro   0x0000000000020bcd       0x7e ./system/src/stm32f4-hal/stm32f4xx_hal.o
 .debug_macro   0x0000000000020c4b       0x89 ./system/src/stm32f4-hal/stm32f4xx_hal.o
 .debug_macro   0x0000000000020cd4       0xa4 ./system/src/stm32f4-hal/stm32f4xx_hal.o
 .debug_macro   0x0000000000020d78      0x31a ./system/src/stm32f4-hal/stm32f4xx_hal.o
 .debug_macro   0x0000000000021092      0x405 ./system/src/stm32f4-hal/stm32f4xx_hal.o
 .debug_macro   0x0000000000021497       0xe4 ./system/src/stm32f4-hal/stm32f4xx_hal.o
 .debug_macro   0x000000000002157b      0x861 ./system/src/stm32f4-hal/stm32f4xx_hal.o
 .debug_macro   0x0000000000021ddc      0x1d5 ./system/src/stm32f4-hal/stm32f4xx_hal.o
 .debug_macro   0x0000000000021fb1      0x225 ./system/src/stm32f4-hal/stm32f4xx_hal.o
 .debug_macro   0x00000000000221d6      0x8a0 ./system/src/stm32f4-hal/stm32f4xx_hal.o